Archive member included to satisfy reference by file (symbol)

c:/program files/microchip/xc8/v2.36/avr/bin/../lib/gcc/avr/5.4.0/avr5/memx-const\libgcc.a(_udivmodsi4.o)
                              HAL/LCD_Driver/LCD_program.o (__udivmodsi4)
c:/program files/microchip/xc8/v2.36/avr/bin/../lib/gcc/avr/5.4.0/avr5/memx-const\libgcc.a(_copy_data.o)
                              HAL/KYD_Driver/KPD.o (__do_copy_data)
c:/program files/microchip/xc8/v2.36/avr/bin/../lib/gcc/avr/5.4.0/avr5/memx-const\libgcc.a(_umulhisi3.o)
                              main.o (__umulhisi3)
c:/program files/microchip/xc8/v2.36/avr/bin/../lib/gcc/avr/5.4.0/avr5/memx-const\libgcc.a(_movmemx.o)
                              main.o (__movmemx_qi)
c:/program files/microchip/xc8/v2.36/avr/bin/../lib/gcc/avr/5.4.0/../../../../avr/lib/avr5/memx-const\libc.a(exit.o)
                              C:/Program Files (x86)/Atmel/Studio/7.0/Packs/atmel/ATmega_DFP/1.7.374/xc8/avr/lib/avr5/memx-const/crtatmega32.o (exit)
c:/program files/microchip/xc8/v2.36/avr/bin/../lib/gcc/avr/5.4.0/../../../../avr/lib/avr5/memx-const\libc.a(_Exit.o)
                              c:/program files/microchip/xc8/v2.36/avr/bin/../lib/gcc/avr/5.4.0/../../../../avr/lib/avr5/memx-const\libc.a(exit.o) (_Exit)
c:/program files/microchip/xc8/v2.36/avr/bin/../lib/gcc/avr/5.4.0/avr5/memx-const\libgcc.a(_exit.o)
                              c:/program files/microchip/xc8/v2.36/avr/bin/../lib/gcc/avr/5.4.0/../../../../avr/lib/avr5/memx-const\libc.a(_Exit.o) (_exit)

Discarded input sections

 .data          0x0000000000000000        0x0 C:/Program Files (x86)/Atmel/Studio/7.0/Packs/atmel/ATmega_DFP/1.7.374/xc8/avr/lib/avr5/memx-const/crtatmega32.o
 .bss           0x0000000000000000        0x0 C:/Program Files (x86)/Atmel/Studio/7.0/Packs/atmel/ATmega_DFP/1.7.374/xc8/avr/lib/avr5/memx-const/crtatmega32.o
 .text          0x0000000000000000        0x0 HAL/KYD_Driver/KPD.o
 .data          0x0000000000000000        0x0 HAL/KYD_Driver/KPD.o
 .bss           0x0000000000000000        0x0 HAL/KYD_Driver/KPD.o
 .text          0x0000000000000000        0x0 HAL/LCD_Driver/LCD_program.o
 .data          0x0000000000000000        0x0 HAL/LCD_Driver/LCD_program.o
 .bss           0x0000000000000000        0x0 HAL/LCD_Driver/LCD_program.o
 .text          0x0000000000000000        0x0 main.o
 .data          0x0000000000000000        0x0 main.o
 .bss           0x0000000000000000        0x0 main.o
 .text          0x0000000000000000        0x0 MCAL/ADC_Driver/ADC_program.o
 .data          0x0000000000000000        0x0 MCAL/ADC_Driver/ADC_program.o
 .bss           0x0000000000000000        0x0 MCAL/ADC_Driver/ADC_program.o
 .text          0x0000000000000000        0x0 MCAL/DIO_Driver/DIO_program.o
 .data          0x0000000000000000        0x0 MCAL/DIO_Driver/DIO_program.o
 .bss           0x0000000000000000        0x0 MCAL/DIO_Driver/DIO_program.o
 .text.DIO_voidSetPortDirection
                0x0000000000000000       0x58 MCAL/DIO_Driver/DIO_program.o
 .text.DIO_voidSetPortValue
                0x0000000000000000       0x68 MCAL/DIO_Driver/DIO_program.o
 .text.DIO_voidTogglePinValue
                0x0000000000000000       0x6c MCAL/DIO_Driver/DIO_program.o
 .text.DIO_voidTogglePortValue
                0x0000000000000000       0x30 MCAL/DIO_Driver/DIO_program.o
 .text.DIO_voidGetPortValue
                0x0000000000000000       0x30 MCAL/DIO_Driver/DIO_program.o
 .text.DIO_voidActivePinInPullUpResistance
                0x0000000000000000       0x96 MCAL/DIO_Driver/DIO_program.o
 .text.DIO_voidActivePortInPullUpResistance
                0x0000000000000000       0x36 MCAL/DIO_Driver/DIO_program.o
 .text          0x0000000000000000        0x0 MCAL/GIE_Driver/GIE_program.o
 .data          0x0000000000000000        0x0 MCAL/GIE_Driver/GIE_program.o
 .bss           0x0000000000000000        0x0 MCAL/GIE_Driver/GIE_program.o
 .text.GIE_voidEnable
                0x0000000000000000        0x8 MCAL/GIE_Driver/GIE_program.o
 .text.GIE_voidDisable
                0x0000000000000000        0x8 MCAL/GIE_Driver/GIE_program.o
 .debug_info    0x0000000000000000      0x2bf MCAL/GIE_Driver/GIE_program.o
 .debug_abbrev  0x0000000000000000       0x46 MCAL/GIE_Driver/GIE_program.o
 .debug_aranges
                0x0000000000000000       0x28 MCAL/GIE_Driver/GIE_program.o
 .debug_ranges  0x0000000000000000       0x18 MCAL/GIE_Driver/GIE_program.o
 .debug_line    0x0000000000000000       0x85 MCAL/GIE_Driver/GIE_program.o
 .debug_str     0x0000000000000000        0x0 MCAL/GIE_Driver/GIE_program.o
 .comment       0x0000000000000000       0x30 MCAL/GIE_Driver/GIE_program.o
 .debug_frame   0x0000000000000000       0x34 MCAL/GIE_Driver/GIE_program.o
 .text          0x0000000000000000        0x0 MCAL/INTERRUPT_Driver/INTERRUPT_program.o
 .data          0x0000000000000000        0x0 MCAL/INTERRUPT_Driver/INTERRUPT_program.o
 .bss           0x0000000000000000        0x0 MCAL/INTERRUPT_Driver/INTERRUPT_program.o
 .text.EXTI_voidEnable
                0x0000000000000000       0xca MCAL/INTERRUPT_Driver/INTERRUPT_program.o
 .text.EXTI_voidDisable
                0x0000000000000000       0x24 MCAL/INTERRUPT_Driver/INTERRUPT_program.o
 .text.EXTI_voidSetCall_BackINT0
                0x0000000000000000        0xe MCAL/INTERRUPT_Driver/INTERRUPT_program.o
 .text.EXTI_voidSetCall_BackINT1
                0x0000000000000000        0xe MCAL/INTERRUPT_Driver/INTERRUPT_program.o
 .text.EXTI_voidSetCall_BackINT2
                0x0000000000000000        0xe MCAL/INTERRUPT_Driver/INTERRUPT_program.o
 .text          0x0000000000000000        0x0 MCAL/SPI_Driver/SPI_program.o
 .data          0x0000000000000000        0x0 MCAL/SPI_Driver/SPI_program.o
 .bss           0x0000000000000000        0x0 MCAL/SPI_Driver/SPI_program.o
 .text.SPI_voidInitMaster
                0x0000000000000000       0x38 MCAL/SPI_Driver/SPI_program.o
 .text.SPI_voidInitSlave
                0x0000000000000000       0x26 MCAL/SPI_Driver/SPI_program.o
 .text.SPI_voidSetCallBack
                0x0000000000000000        0xe MCAL/SPI_Driver/SPI_program.o
 .text.SPI_voidSendDataISR
                0x0000000000000000        0x4 MCAL/SPI_Driver/SPI_program.o
 .text.SPI_u8ReadDataISR
                0x0000000000000000        0x4 MCAL/SPI_Driver/SPI_program.o
 .text.SPI_voidTransieve
                0x0000000000000000       0x14 MCAL/SPI_Driver/SPI_program.o
 .text          0x0000000000000000        0x0 c:/program files/microchip/xc8/v2.36/avr/bin/../lib/gcc/avr/5.4.0/avr5/memx-const\libgcc.a(_udivmodsi4.o)
 .data          0x0000000000000000        0x0 c:/program files/microchip/xc8/v2.36/avr/bin/../lib/gcc/avr/5.4.0/avr5/memx-const\libgcc.a(_udivmodsi4.o)
 .bss           0x0000000000000000        0x0 c:/program files/microchip/xc8/v2.36/avr/bin/../lib/gcc/avr/5.4.0/avr5/memx-const\libgcc.a(_udivmodsi4.o)
 .text.libgcc.mul
                0x0000000000000000        0x0 c:/program files/microchip/xc8/v2.36/avr/bin/../lib/gcc/avr/5.4.0/avr5/memx-const\libgcc.a(_udivmodsi4.o)
 .stack.descriptors
                0x0000000000000000       0x1a c:/program files/microchip/xc8/v2.36/avr/bin/../lib/gcc/avr/5.4.0/avr5/memx-const\libgcc.a(_udivmodsi4.o)
 .text.libgcc   0x0000000000000000        0x0 c:/program files/microchip/xc8/v2.36/avr/bin/../lib/gcc/avr/5.4.0/avr5/memx-const\libgcc.a(_udivmodsi4.o)
 .text.libgcc.prologue
                0x0000000000000000        0x0 c:/program files/microchip/xc8/v2.36/avr/bin/../lib/gcc/avr/5.4.0/avr5/memx-const\libgcc.a(_udivmodsi4.o)
 .text.libgcc.builtins
                0x0000000000000000        0x0 c:/program files/microchip/xc8/v2.36/avr/bin/../lib/gcc/avr/5.4.0/avr5/memx-const\libgcc.a(_udivmodsi4.o)
 .text.libgcc.fmul
                0x0000000000000000        0x0 c:/program files/microchip/xc8/v2.36/avr/bin/../lib/gcc/avr/5.4.0/avr5/memx-const\libgcc.a(_udivmodsi4.o)
 .text.libgcc.fixed
                0x0000000000000000        0x0 c:/program files/microchip/xc8/v2.36/avr/bin/../lib/gcc/avr/5.4.0/avr5/memx-const\libgcc.a(_udivmodsi4.o)
 .text          0x0000000000000000        0x0 c:/program files/microchip/xc8/v2.36/avr/bin/../lib/gcc/avr/5.4.0/avr5/memx-const\libgcc.a(_copy_data.o)
 .data          0x0000000000000000        0x0 c:/program files/microchip/xc8/v2.36/avr/bin/../lib/gcc/avr/5.4.0/avr5/memx-const\libgcc.a(_copy_data.o)
 .bss           0x0000000000000000        0x0 c:/program files/microchip/xc8/v2.36/avr/bin/../lib/gcc/avr/5.4.0/avr5/memx-const\libgcc.a(_copy_data.o)
 .text.libgcc.mul
                0x0000000000000000        0x0 c:/program files/microchip/xc8/v2.36/avr/bin/../lib/gcc/avr/5.4.0/avr5/memx-const\libgcc.a(_copy_data.o)
 .text.libgcc.div
                0x0000000000000000        0x0 c:/program files/microchip/xc8/v2.36/avr/bin/../lib/gcc/avr/5.4.0/avr5/memx-const\libgcc.a(_copy_data.o)
 .text.libgcc   0x0000000000000000        0x0 c:/program files/microchip/xc8/v2.36/avr/bin/../lib/gcc/avr/5.4.0/avr5/memx-const\libgcc.a(_copy_data.o)
 .text.libgcc.prologue
                0x0000000000000000        0x0 c:/program files/microchip/xc8/v2.36/avr/bin/../lib/gcc/avr/5.4.0/avr5/memx-const\libgcc.a(_copy_data.o)
 .text.libgcc.builtins
                0x0000000000000000        0x0 c:/program files/microchip/xc8/v2.36/avr/bin/../lib/gcc/avr/5.4.0/avr5/memx-const\libgcc.a(_copy_data.o)
 .text.libgcc.fmul
                0x0000000000000000        0x0 c:/program files/microchip/xc8/v2.36/avr/bin/../lib/gcc/avr/5.4.0/avr5/memx-const\libgcc.a(_copy_data.o)
 .text.libgcc.fixed
                0x0000000000000000        0x0 c:/program files/microchip/xc8/v2.36/avr/bin/../lib/gcc/avr/5.4.0/avr5/memx-const\libgcc.a(_copy_data.o)
 .text          0x0000000000000000        0x0 c:/program files/microchip/xc8/v2.36/avr/bin/../lib/gcc/avr/5.4.0/avr5/memx-const\libgcc.a(_umulhisi3.o)
 .data          0x0000000000000000        0x0 c:/program files/microchip/xc8/v2.36/avr/bin/../lib/gcc/avr/5.4.0/avr5/memx-const\libgcc.a(_umulhisi3.o)
 .bss           0x0000000000000000        0x0 c:/program files/microchip/xc8/v2.36/avr/bin/../lib/gcc/avr/5.4.0/avr5/memx-const\libgcc.a(_umulhisi3.o)
 .stack.descriptors
                0x0000000000000000       0x19 c:/program files/microchip/xc8/v2.36/avr/bin/../lib/gcc/avr/5.4.0/avr5/memx-const\libgcc.a(_umulhisi3.o)
 .text.libgcc.div
                0x0000000000000000        0x0 c:/program files/microchip/xc8/v2.36/avr/bin/../lib/gcc/avr/5.4.0/avr5/memx-const\libgcc.a(_umulhisi3.o)
 .text.libgcc   0x0000000000000000        0x0 c:/program files/microchip/xc8/v2.36/avr/bin/../lib/gcc/avr/5.4.0/avr5/memx-const\libgcc.a(_umulhisi3.o)
 .text.libgcc.prologue
                0x0000000000000000        0x0 c:/program files/microchip/xc8/v2.36/avr/bin/../lib/gcc/avr/5.4.0/avr5/memx-const\libgcc.a(_umulhisi3.o)
 .text.libgcc.builtins
                0x0000000000000000        0x0 c:/program files/microchip/xc8/v2.36/avr/bin/../lib/gcc/avr/5.4.0/avr5/memx-const\libgcc.a(_umulhisi3.o)
 .text.libgcc.fmul
                0x0000000000000000        0x0 c:/program files/microchip/xc8/v2.36/avr/bin/../lib/gcc/avr/5.4.0/avr5/memx-const\libgcc.a(_umulhisi3.o)
 .text.libgcc.fixed
                0x0000000000000000        0x0 c:/program files/microchip/xc8/v2.36/avr/bin/../lib/gcc/avr/5.4.0/avr5/memx-const\libgcc.a(_umulhisi3.o)
 .text          0x0000000000000000        0x0 c:/program files/microchip/xc8/v2.36/avr/bin/../lib/gcc/avr/5.4.0/avr5/memx-const\libgcc.a(_movmemx.o)
 .data          0x0000000000000000        0x0 c:/program files/microchip/xc8/v2.36/avr/bin/../lib/gcc/avr/5.4.0/avr5/memx-const\libgcc.a(_movmemx.o)
 .bss           0x0000000000000000        0x0 c:/program files/microchip/xc8/v2.36/avr/bin/../lib/gcc/avr/5.4.0/avr5/memx-const\libgcc.a(_movmemx.o)
 .text.libgcc.mul
                0x0000000000000000        0x0 c:/program files/microchip/xc8/v2.36/avr/bin/../lib/gcc/avr/5.4.0/avr5/memx-const\libgcc.a(_movmemx.o)
 .text.libgcc.div
                0x0000000000000000        0x0 c:/program files/microchip/xc8/v2.36/avr/bin/../lib/gcc/avr/5.4.0/avr5/memx-const\libgcc.a(_movmemx.o)
 .text.libgcc.prologue
                0x0000000000000000        0x0 c:/program files/microchip/xc8/v2.36/avr/bin/../lib/gcc/avr/5.4.0/avr5/memx-const\libgcc.a(_movmemx.o)
 .stack.descriptors
                0x0000000000000000       0x34 c:/program files/microchip/xc8/v2.36/avr/bin/../lib/gcc/avr/5.4.0/avr5/memx-const\libgcc.a(_movmemx.o)
 .text.libgcc.builtins
                0x0000000000000000        0x0 c:/program files/microchip/xc8/v2.36/avr/bin/../lib/gcc/avr/5.4.0/avr5/memx-const\libgcc.a(_movmemx.o)
 .text.libgcc.fmul
                0x0000000000000000        0x0 c:/program files/microchip/xc8/v2.36/avr/bin/../lib/gcc/avr/5.4.0/avr5/memx-const\libgcc.a(_movmemx.o)
 .text.libgcc.fixed
                0x0000000000000000        0x0 c:/program files/microchip/xc8/v2.36/avr/bin/../lib/gcc/avr/5.4.0/avr5/memx-const\libgcc.a(_movmemx.o)
 .text          0x0000000000000000        0x0 c:/program files/microchip/xc8/v2.36/avr/bin/../lib/gcc/avr/5.4.0/../../../../avr/lib/avr5/memx-const\libc.a(exit.o)
 .data          0x0000000000000000        0x0 c:/program files/microchip/xc8/v2.36/avr/bin/../lib/gcc/avr/5.4.0/../../../../avr/lib/avr5/memx-const\libc.a(exit.o)
 .bss           0x0000000000000000        0x0 c:/program files/microchip/xc8/v2.36/avr/bin/../lib/gcc/avr/5.4.0/../../../../avr/lib/avr5/memx-const\libc.a(exit.o)
 .text          0x0000000000000000        0x0 c:/program files/microchip/xc8/v2.36/avr/bin/../lib/gcc/avr/5.4.0/../../../../avr/lib/avr5/memx-const\libc.a(_Exit.o)
 .data          0x0000000000000000        0x0 c:/program files/microchip/xc8/v2.36/avr/bin/../lib/gcc/avr/5.4.0/../../../../avr/lib/avr5/memx-const\libc.a(_Exit.o)
 .bss           0x0000000000000000        0x0 c:/program files/microchip/xc8/v2.36/avr/bin/../lib/gcc/avr/5.4.0/../../../../avr/lib/avr5/memx-const\libc.a(_Exit.o)
 .text          0x0000000000000000        0x0 c:/program files/microchip/xc8/v2.36/avr/bin/../lib/gcc/avr/5.4.0/avr5/memx-const\libgcc.a(_exit.o)
 .data          0x0000000000000000        0x0 c:/program files/microchip/xc8/v2.36/avr/bin/../lib/gcc/avr/5.4.0/avr5/memx-const\libgcc.a(_exit.o)
 .bss           0x0000000000000000        0x0 c:/program files/microchip/xc8/v2.36/avr/bin/../lib/gcc/avr/5.4.0/avr5/memx-const\libgcc.a(_exit.o)
 .text.libgcc.mul
                0x0000000000000000        0x0 c:/program files/microchip/xc8/v2.36/avr/bin/../lib/gcc/avr/5.4.0/avr5/memx-const\libgcc.a(_exit.o)
 .text.libgcc.div
                0x0000000000000000        0x0 c:/program files/microchip/xc8/v2.36/avr/bin/../lib/gcc/avr/5.4.0/avr5/memx-const\libgcc.a(_exit.o)
 .text.libgcc   0x0000000000000000        0x0 c:/program files/microchip/xc8/v2.36/avr/bin/../lib/gcc/avr/5.4.0/avr5/memx-const\libgcc.a(_exit.o)
 .text.libgcc.prologue
                0x0000000000000000        0x0 c:/program files/microchip/xc8/v2.36/avr/bin/../lib/gcc/avr/5.4.0/avr5/memx-const\libgcc.a(_exit.o)
 .stack.descriptors
                0x0000000000000000       0x13 c:/program files/microchip/xc8/v2.36/avr/bin/../lib/gcc/avr/5.4.0/avr5/memx-const\libgcc.a(_exit.o)
 .text.libgcc.builtins
                0x0000000000000000        0x0 c:/program files/microchip/xc8/v2.36/avr/bin/../lib/gcc/avr/5.4.0/avr5/memx-const\libgcc.a(_exit.o)
 .text.libgcc.fmul
                0x0000000000000000        0x0 c:/program files/microchip/xc8/v2.36/avr/bin/../lib/gcc/avr/5.4.0/avr5/memx-const\libgcc.a(_exit.o)
 .text.libgcc.fixed
                0x0000000000000000        0x0 c:/program files/microchip/xc8/v2.36/avr/bin/../lib/gcc/avr/5.4.0/avr5/memx-const\libgcc.a(_exit.o)

Memory Configuration

Name             Origin             Length             Attributes
text             0x0000000000000000 0x0000000000008000 xr
data             0x0000000000800060 0x0000000000000800 rw !x
eeprom           0x0000000000810000 0x0000000000000400 rw !x
fuse             0x0000000000820000 0x0000000000000002 rw !x
lock             0x0000000000830000 0x0000000000000400 rw !x
signature        0x0000000000840000 0x0000000000000400 rw !x
user_signatures  0x0000000000850000 0x0000000000000400 rw !x
*default*        0x0000000000000000 0xffffffffffffffff

Linker script and memory map

LOAD C:/Program Files (x86)/Atmel/Studio/7.0/Packs/atmel/ATmega_DFP/1.7.374/xc8/avr/lib/avr5/memx-const/crtatmega32.o
LOAD HAL/KYD_Driver/KPD.o
LOAD HAL/LCD_Driver/LCD_program.o
LOAD main.o
LOAD MCAL/ADC_Driver/ADC_program.o
LOAD MCAL/DIO_Driver/DIO_program.o
LOAD MCAL/GIE_Driver/GIE_program.o
LOAD MCAL/INTERRUPT_Driver/INTERRUPT_program.o
LOAD MCAL/SPI_Driver/SPI_program.o
START GROUP
LOAD c:/program files/microchip/xc8/v2.36/avr/bin/../lib/gcc/avr/5.4.0/../../../../avr/lib/avr5/memx-const\libm.a
END GROUP
START GROUP
LOAD c:/program files/microchip/xc8/v2.36/avr/bin/../lib/gcc/avr/5.4.0/avr5/memx-const\libgcc.a
LOAD c:/program files/microchip/xc8/v2.36/avr/bin/../lib/gcc/avr/5.4.0/../../../../avr/lib/avr5/memx-const\libm.a
LOAD c:/program files/microchip/xc8/v2.36/avr/bin/../lib/gcc/avr/5.4.0/../../../../avr/lib/avr5/memx-const\libc.a
LOAD C:/Program Files (x86)/Atmel/Studio/7.0/Packs/atmel/ATmega_DFP/1.7.374/xc8/avr/lib/avr5/memx-const\libatmega32.a
END GROUP
                0x0000000000000000                __TEXT_REGION_ORIGIN__ = DEFINED (__TEXT_REGION_ORIGIN__)?__TEXT_REGION_ORIGIN__:0x0
                [0x0000000000800060]                __DATA_REGION_ORIGIN__ = DEFINED (__DATA_REGION_ORIGIN__)?__DATA_REGION_ORIGIN__:0x800060
                [0x0000000000008000]                __TEXT_REGION_LENGTH__ = DEFINED (__TEXT_REGION_LENGTH__)?__TEXT_REGION_LENGTH__:0x20000
                [0x0000000000000800]                __DATA_REGION_LENGTH__ = DEFINED (__DATA_REGION_LENGTH__)?__DATA_REGION_LENGTH__:0xffa0
                [0x0000000000000400]                __EEPROM_REGION_LENGTH__ = DEFINED (__EEPROM_REGION_LENGTH__)?__EEPROM_REGION_LENGTH__:0x10000
                [0x0000000000000002]                __FUSE_REGION_LENGTH__ = DEFINED (__FUSE_REGION_LENGTH__)?__FUSE_REGION_LENGTH__:0x400
                0x0000000000000400                __LOCK_REGION_LENGTH__ = DEFINED (__LOCK_REGION_LENGTH__)?__LOCK_REGION_LENGTH__:0x400
                0x0000000000000400                __SIGNATURE_REGION_LENGTH__ = DEFINED (__SIGNATURE_REGION_LENGTH__)?__SIGNATURE_REGION_LENGTH__:0x400
                0x0000000000000400                __USER_SIGNATURE_REGION_LENGTH__ = DEFINED (__USER_SIGNATURE_REGION_LENGTH__)?__USER_SIGNATURE_REGION_LENGTH__:0x400

.hash
 *(.hash)

.dynsym
 *(.dynsym)

.dynstr
 *(.dynstr)

.gnu.version
 *(.gnu.version)

.gnu.version_d
 *(.gnu.version_d)

.gnu.version_r
 *(.gnu.version_r)

.rel.init
 *(.rel.init)

.rela.init
 *(.rela.init)

.rel.text
 *(.rel.text)
 *(.rel.text.*)
 *(.rel.gnu.linkonce.t*)

.rela.text
 *(.rela.text)
 *(.rela.text.*)
 *(.rela.gnu.linkonce.t*)

.rel.fini
 *(.rel.fini)

.rela.fini
 *(.rela.fini)

.rel.rodata
 *(.rel.rodata)
 *(.rel.rodata.*)
 *(.rel.gnu.linkonce.r*)

.rela.rodata
 *(.rela.rodata)
 *(.rela.rodata.*)
 *(.rela.gnu.linkonce.r*)

.rel.data
 *(.rel.data)
 *(.rel.data.*)
 *(.rel.gnu.linkonce.d*)

.rela.data
 *(.rela.data)
 *(.rela.data.*)
 *(.rela.gnu.linkonce.d*)

.rel.ctors
 *(.rel.ctors)

.rela.ctors
 *(.rela.ctors)

.rel.dtors
 *(.rel.dtors)

.rela.dtors
 *(.rela.dtors)

.rel.got
 *(.rel.got)

.rela.got
 *(.rela.got)

.rel.bss
 *(.rel.bss)

.rela.bss
 *(.rela.bss)

.rel.plt
 *(.rel.plt)

.rela.plt
 *(.rela.plt)

.text           0x0000000000000000       0xb4
 *(.vectors)
 .vectors       0x0000000000000000       0x54 C:/Program Files (x86)/Atmel/Studio/7.0/Packs/atmel/ATmega_DFP/1.7.374/xc8/avr/lib/avr5/memx-const/crtatmega32.o
                0x0000000000000000                __vector_default
                0x0000000000000000                __vectors
 *(.vectors)
 *(.progmem.gcc*)
 *(.dinit)
 .dinit         0x0000000000000054        0xc data_init
                0x0000000000000060                . = ALIGN (0x2)
 *fill*         0x0000000000000060        0x0 
                0x0000000000000060                __trampolines_start = .
 *(.trampolines)
 .trampolines   0x0000000000000060        0x0 linker stubs
 *(.trampolines*)
                0x0000000000000060                __trampolines_end = .
 *libprintf_flt.a:*(.progmem.data)
 *libc.a:*(.progmem.data)
                0x0000000000000060                . = ALIGN (0x2)
 *(.jumptables)
 *(.jumptables*)
 *(.lowtext)
 *(.lowtext*)
                0x0000000000000060                __ctors_start = .
 *(.ctors)
                0x0000000000000060                __ctors_end = .
                0x0000000000000060                __dtors_start = .
 *(.dtors)
                0x0000000000000060                __dtors_end = .
 SORT(*)(.ctors)
 SORT(*)(.dtors)
 *(.init0)
 .init0         0x0000000000000060        0x0 C:/Program Files (x86)/Atmel/Studio/7.0/Packs/atmel/ATmega_DFP/1.7.374/xc8/avr/lib/avr5/memx-const/crtatmega32.o
                0x0000000000000060                __init
 *(.init0)
 *(.init1)
 *(.init1)
 *(.init2)
 .init2         0x0000000000000060        0xc C:/Program Files (x86)/Atmel/Studio/7.0/Packs/atmel/ATmega_DFP/1.7.374/xc8/avr/lib/avr5/memx-const/crtatmega32.o
 *(.init2)
 *(.init3)
 *(.init3)
 *(.init4)
 .init4         0x000000000000006c       0x3c c:/program files/microchip/xc8/v2.36/avr/bin/../lib/gcc/avr/5.4.0/avr5/memx-const\libgcc.a(_copy_data.o)
                0x000000000000006c                __do_copy_data
                0x000000000000009a                __do_clear_bss
 *(.init4)
 *(.init5)
 *(.init5)
 *(.init6)
 *(.init6)
 *(.init7)
 *(.init7)
 *(.init8)
 *(.init8)
 *(.init9)
 .init9         0x00000000000000a8        0x8 C:/Program Files (x86)/Atmel/Studio/7.0/Packs/atmel/ATmega_DFP/1.7.374/xc8/avr/lib/avr5/memx-const/crtatmega32.o
 *(.init9)
                0x00000000000000b0                . = ALIGN (0x2)
 *(.fini9)
 .fini9         0x00000000000000b0        0x0 c:/program files/microchip/xc8/v2.36/avr/bin/../lib/gcc/avr/5.4.0/avr5/memx-const\libgcc.a(_exit.o)
                0x00000000000000b0                _exit
 *(.fini9)
 *(.fini8)
 *(.fini8)
 *(.fini7)
 *(.fini7)
 *(.fini6)
 *(.fini6)
 *(.fini5)
 *(.fini5)
 *(.fini4)
 *(.fini4)
 *(.fini3)
 *(.fini3)
 *(.fini2)
 *(.fini2)
 *(.fini1)
 *(.fini1)
 *(.fini0)
 .fini0         0x00000000000000b0        0x4 c:/program files/microchip/xc8/v2.36/avr/bin/../lib/gcc/avr/5.4.0/avr5/memx-const\libgcc.a(_exit.o)
 *(.fini0)
                0x00000000000000b4                _etext = .

.data           0x0000000000800060        0x0 load address 0x00000000000000b4
                [!provide]                        PROVIDE (__data_start, .)
 *(.gnu.linkonce.d*)
 *(.gnu.linkonce.r*)
                0x0000000000800060                . = ALIGN (0x2)
                0x0000000000800060                _edata = .
                [!provide]                        PROVIDE (__data_end, .)

.bss            0x0000000000800060        0x0
                [!provide]                        PROVIDE (__bss_start, .)
 *(COMMON)
                [!provide]                        PROVIDE (__bss_end, .)
                0x00000000000000b4                __data_load_start = LOADADDR (.data)
                0x00000000000000b4                __data_load_end = (__data_load_start + SIZEOF (.data))

.noinit         0x0000000000800060        0x0
                [!provide]                        PROVIDE (__noinit_start, .)
 *(.noinit*)
                [!provide]                        PROVIDE (__noinit_end, .)
                0x0000000000800060                _end = .

.eeprom         0x0000000000810000        0x0
 *(.eeprom*)
                0x0000000000810000                __eeprom_end = .

.fuse
 *(.fuse)
 *(.lfuse)
 *(.hfuse)
 *(.efuse)

.lock
 *(.lock*)

.signature
 *(.signature*)

.user_signatures
 *(.user_signatures*)

.stab
 *(.stab)

.stabstr
 *(.stabstr)

.stab.excl
 *(.stab.excl)

.stab.exclstr
 *(.stab.exclstr)

.stab.index
 *(.stab.index)

.stab.indexstr
 *(.stab.indexstr)

.comment        0x0000000000000000       0x2f
 *(.comment)
 .comment       0x0000000000000000       0x2f HAL/KYD_Driver/KPD.o
                                         0x30 (size before relaxing)
 .comment       0x000000000000002f       0x30 HAL/LCD_Driver/LCD_program.o
 .comment       0x000000000000002f       0x30 main.o
 .comment       0x000000000000002f       0x30 MCAL/ADC_Driver/ADC_program.o
 .comment       0x000000000000002f       0x30 MCAL/DIO_Driver/DIO_program.o
 .comment       0x000000000000002f       0x30 MCAL/INTERRUPT_Driver/INTERRUPT_program.o
 .comment       0x000000000000002f       0x30 MCAL/SPI_Driver/SPI_program.o
 .comment       0x000000000000002f       0x30 c:/program files/microchip/xc8/v2.36/avr/bin/../lib/gcc/avr/5.4.0/../../../../avr/lib/avr5/memx-const\libc.a(exit.o)
 .comment       0x000000000000002f       0x30 c:/program files/microchip/xc8/v2.36/avr/bin/../lib/gcc/avr/5.4.0/../../../../avr/lib/avr5/memx-const\libc.a(_Exit.o)

.stack.descriptors.hdr
                0x0000000000000000       0x38
 .stack.descriptors.hdr
                0x0000000000000000        0xe c:/program files/microchip/xc8/v2.36/avr/bin/../lib/gcc/avr/5.4.0/avr5/memx-const\libgcc.a(_udivmodsi4.o)
 .stack.descriptors.hdr
                0x000000000000000e        0xe c:/program files/microchip/xc8/v2.36/avr/bin/../lib/gcc/avr/5.4.0/avr5/memx-const\libgcc.a(_umulhisi3.o)
 .stack.descriptors.hdr
                0x000000000000001c        0xe c:/program files/microchip/xc8/v2.36/avr/bin/../lib/gcc/avr/5.4.0/avr5/memx-const\libgcc.a(_movmemx.o)
 .stack.descriptors.hdr
                0x000000000000002a        0xe c:/program files/microchip/xc8/v2.36/avr/bin/../lib/gcc/avr/5.4.0/avr5/memx-const\libgcc.a(_exit.o)

.note.GNU-stack
                0x0000000000000000        0x0
 .note.GNU-stack
                0x0000000000000000        0x0 c:/program files/microchip/xc8/v2.36/avr/bin/../lib/gcc/avr/5.4.0/../../../../avr/lib/avr5/memx-const\libc.a(exit.o)
 .note.GNU-stack
                0x0000000000000000        0x0 c:/program files/microchip/xc8/v2.36/avr/bin/../lib/gcc/avr/5.4.0/../../../../avr/lib/avr5/memx-const\libc.a(_Exit.o)

.note.gnu.build-id
 *(.note.gnu.build-id)

.debug
 *(.debug)

.line
 *(.line)

.debug_srcinfo
 *(.debug_srcinfo)

.debug_sfnames
 *(.debug_sfnames)

.debug_aranges  0x0000000000000000      0x1d8
 *(.debug_aranges)
 .debug_aranges
                0x0000000000000000       0x20 HAL/KYD_Driver/KPD.o
 .debug_aranges
                0x0000000000000020       0x58 HAL/LCD_Driver/LCD_program.o
 .debug_aranges
                0x0000000000000078       0x20 main.o
 .debug_aranges
                0x0000000000000098       0x28 MCAL/ADC_Driver/ADC_program.o
 .debug_aranges
                0x00000000000000c0       0x70 MCAL/DIO_Driver/DIO_program.o
 .debug_aranges
                0x0000000000000130       0x58 MCAL/INTERRUPT_Driver/INTERRUPT_program.o
 .debug_aranges
                0x0000000000000188       0x50 MCAL/SPI_Driver/SPI_program.o

.debug_pubnames
 *(.debug_pubnames)

.debug_info     0x0000000000000000     0x2e09
 *(.debug_info .gnu.linkonce.wi.*)
 .debug_info    0x0000000000000000      0x4e6 C:/Program Files (x86)/Atmel/Studio/7.0/Packs/atmel/ATmega_DFP/1.7.374/xc8/avr/lib/avr5/memx-const/crtatmega32.o
 .debug_info    0x00000000000004e6      0x529 HAL/KYD_Driver/KPD.o
 .debug_info    0x0000000000000a0f      0xb4c HAL/LCD_Driver/LCD_program.o
 .debug_info    0x000000000000155b      0x60e main.o
 .debug_info    0x0000000000001b69      0x348 MCAL/ADC_Driver/ADC_program.o
 .debug_info    0x0000000000001eb1      0x617 MCAL/DIO_Driver/DIO_program.o
 .debug_info    0x00000000000024c8      0x532 MCAL/INTERRUPT_Driver/INTERRUPT_program.o
 .debug_info    0x00000000000029fa      0x40f MCAL/SPI_Driver/SPI_program.o

.debug_abbrev   0x0000000000000000      0xba0
 *(.debug_abbrev)
 .debug_abbrev  0x0000000000000000      0x4a3 C:/Program Files (x86)/Atmel/Studio/7.0/Packs/atmel/ATmega_DFP/1.7.374/xc8/avr/lib/avr5/memx-const/crtatmega32.o
 .debug_abbrev  0x00000000000004a3      0x130 HAL/KYD_Driver/KPD.o
 .debug_abbrev  0x00000000000005d3      0x198 HAL/LCD_Driver/LCD_program.o
 .debug_abbrev  0x000000000000076b      0x13e main.o
 .debug_abbrev  0x00000000000008a9       0x6f MCAL/ADC_Driver/ADC_program.o
 .debug_abbrev  0x0000000000000918       0xf5 MCAL/DIO_Driver/DIO_program.o
 .debug_abbrev  0x0000000000000a0d       0xc4 MCAL/INTERRUPT_Driver/INTERRUPT_program.o
 .debug_abbrev  0x0000000000000ad1       0xcf MCAL/SPI_Driver/SPI_program.o

.debug_line     0x0000000000000000     0x11c4
 *(.debug_line .debug_line.* .debug_line_end)
 .debug_line    0x0000000000000000      0x119 C:/Program Files (x86)/Atmel/Studio/7.0/Packs/atmel/ATmega_DFP/1.7.374/xc8/avr/lib/avr5/memx-const/crtatmega32.o
 .debug_line    0x0000000000000119      0x1c9 HAL/KYD_Driver/KPD.o
 .debug_line    0x00000000000002e2      0x36b HAL/LCD_Driver/LCD_program.o
 .debug_line    0x000000000000064d      0x221 main.o
 .debug_line    0x000000000000086e      0x112 MCAL/ADC_Driver/ADC_program.o
 .debug_line    0x0000000000000980      0x484 MCAL/DIO_Driver/DIO_program.o
 .debug_line    0x0000000000000e04      0x24c MCAL/INTERRUPT_Driver/INTERRUPT_program.o
 .debug_line    0x0000000000001050      0x174 MCAL/SPI_Driver/SPI_program.o

.debug_frame    0x0000000000000000      0x488
 *(.debug_frame)
 .debug_frame   0x0000000000000000       0x5c HAL/KYD_Driver/KPD.o
 .debug_frame   0x000000000000005c       0xc8 HAL/LCD_Driver/LCD_program.o
 .debug_frame   0x0000000000000124       0x34 main.o
 .debug_frame   0x0000000000000158       0x34 MCAL/ADC_Driver/ADC_program.o
 .debug_frame   0x000000000000018c       0xc4 MCAL/DIO_Driver/DIO_program.o
 .debug_frame   0x0000000000000250      0x16c MCAL/INTERRUPT_Driver/INTERRUPT_program.o
 .debug_frame   0x00000000000003bc       0xcc MCAL/SPI_Driver/SPI_program.o

.debug_str      0x0000000000000000      0x308
 *(.debug_str)
 .debug_str     0x0000000000000000      0x196 C:/Program Files (x86)/Atmel/Studio/7.0/Packs/atmel/ATmega_DFP/1.7.374/xc8/avr/lib/avr5/memx-const/crtatmega32.o
 .debug_str     0x0000000000000196       0x28 HAL/KYD_Driver/KPD.o
 .debug_str     0x00000000000001be       0x52 HAL/LCD_Driver/LCD_program.o
 .debug_str     0x0000000000000210       0xb5 main.o
 .debug_str     0x00000000000002c5        0x0 MCAL/ADC_Driver/ADC_program.o
 .debug_str     0x00000000000002c5       0x1b MCAL/DIO_Driver/DIO_program.o
 .debug_str     0x00000000000002e0       0x28 MCAL/INTERRUPT_Driver/INTERRUPT_program.o
 .debug_str     0x0000000000000308        0x0 MCAL/SPI_Driver/SPI_program.o

.debug_loc      0x0000000000000000     0x116e
 *(.debug_loc)
 .debug_loc     0x0000000000000000      0x181 HAL/KYD_Driver/KPD.o
 .debug_loc     0x0000000000000181      0x4e8 HAL/LCD_Driver/LCD_program.o
 .debug_loc     0x0000000000000669       0xcd main.o
 .debug_loc     0x0000000000000736       0x74 MCAL/ADC_Driver/ADC_program.o
 .debug_loc     0x00000000000007aa      0x516 MCAL/DIO_Driver/DIO_program.o
 .debug_loc     0x0000000000000cc0      0x3b6 MCAL/INTERRUPT_Driver/INTERRUPT_program.o
 .debug_loc     0x0000000000001076       0xf8 MCAL/SPI_Driver/SPI_program.o

.debug_macinfo
 *(.debug_macinfo)

.debug_weaknames
 *(.debug_weaknames)

.debug_funcnames
 *(.debug_funcnames)

.debug_typenames
 *(.debug_typenames)

.debug_varnames
 *(.debug_varnames)

.debug_pubtypes
 *(.debug_pubtypes)

.debug_ranges   0x0000000000000000      0x168
 *(.debug_ranges)
 .debug_ranges  0x0000000000000000       0x10 HAL/KYD_Driver/KPD.o
 .debug_ranges  0x0000000000000010       0x48 HAL/LCD_Driver/LCD_program.o
 .debug_ranges  0x0000000000000058       0x10 main.o
 .debug_ranges  0x0000000000000068       0x18 MCAL/ADC_Driver/ADC_program.o
 .debug_ranges  0x0000000000000080       0x60 MCAL/DIO_Driver/DIO_program.o
 .debug_ranges  0x00000000000000e0       0x48 MCAL/INTERRUPT_Driver/INTERRUPT_program.o
 .debug_ranges  0x0000000000000128       0x40 MCAL/SPI_Driver/SPI_program.o

.debug_macro
 *(.debug_macro)
OUTPUT(DIO_DRIVER.elf elf32-avr)
LOAD linker stubs
LOAD data_init

.note.gnu.avr.deviceinfo
                0x0000000000000000       0x3c
 .note.gnu.avr.deviceinfo
                0x0000000000000000       0x3c C:/Program Files (x86)/Atmel/Studio/7.0/Packs/atmel/ATmega_DFP/1.7.374/xc8/avr/lib/avr5/memx-const/crtatmega32.o

.bss.PRV2_pFunction
                0x0000000000800070        0x2
 .bss.PRV2_pFunction
                0x0000000000800070        0x2 MCAL/INTERRUPT_Driver/INTERRUPT_program.o

.bss.PRV1_pFunction
                0x0000000000800072        0x2
 .bss.PRV1_pFunction
                0x0000000000800072        0x2 MCAL/INTERRUPT_Driver/INTERRUPT_program.o

.bss.PRV0_pFunction
                0x0000000000800074        0x2
 .bss.PRV0_pFunction
                0x0000000000800074        0x2 MCAL/INTERRUPT_Driver/INTERRUPT_program.o

.bss.CallBack   0x0000000000800076        0x2
 .bss.CallBack  0x0000000000800076        0x2 MCAL/SPI_Driver/SPI_program.o

.progmemx.data  0x00000000000000b4       0x23
 .progmemx.data
                0x00000000000000b4       0x23 main.o

.text.KPD_u8GetPressedKey
                0x00000000000000d8      0x140
 .text.KPD_u8GetPressedKey
                0x00000000000000d8      0x140 HAL/KYD_Driver/KPD.o
                0x00000000000000d8                KPD_u8GetPressedKey

.text.main      0x0000000000000218      0x126
 .text.main     0x0000000000000218      0x126 main.o
                0x0000000000000218                main

.text.DIO_voidSetPinDirection
                0x000000000000033e      0x100
 .text.DIO_voidSetPinDirection
                0x000000000000033e      0x100 MCAL/DIO_Driver/DIO_program.o
                0x000000000000033e                DIO_voidSetPinDirection

.text.DIO_voidSetPinValue
                0x000000000000043e      0x100
 .text.DIO_voidSetPinValue
                0x000000000000043e      0x100 MCAL/DIO_Driver/DIO_program.o
                0x000000000000043e                DIO_voidSetPinValue

.text.LCD_WRITE_COMMAND
                0x000000000000053e       0xa2
 .text.LCD_WRITE_COMMAND
                0x000000000000053e       0xa2 HAL/LCD_Driver/LCD_program.o
                0x000000000000053e                LCD_WRITE_COMMAND

.text.LCD_WRITE_CHAR
                0x00000000000005e0       0xa2
 .text.LCD_WRITE_CHAR
                0x00000000000005e0       0xa2 HAL/LCD_Driver/LCD_program.o
                0x00000000000005e0                LCD_WRITE_CHAR

.text.LCD_voidWriteNumber
                0x0000000000000682       0x9e
 .text.LCD_voidWriteNumber
                0x0000000000000682       0x9e HAL/LCD_Driver/LCD_program.o
                0x0000000000000682                LCD_voidWriteNumber

.text.LCD_INIT  0x0000000000000720       0x90
 .text.LCD_INIT
                0x0000000000000720       0x90 HAL/LCD_Driver/LCD_program.o
                0x0000000000000720                LCD_INIT

.text.DIO_voidGetPinValue
                0x00000000000007b0       0x68
 .text.DIO_voidGetPinValue
                0x00000000000007b0       0x68 MCAL/DIO_Driver/DIO_program.o
                0x00000000000007b0                DIO_voidGetPinValue

.text.ADC_voidInit
                0x0000000000000818       0x60
 .text.ADC_voidInit
                0x0000000000000818       0x60 MCAL/ADC_Driver/ADC_program.o
                0x0000000000000818                ADC_voidInit

.text.__vector_1
                0x0000000000000878       0x52
 .text.__vector_1
                0x0000000000000878       0x52 MCAL/INTERRUPT_Driver/INTERRUPT_program.o
                0x0000000000000878                __vector_1

.text.__vector_2
                0x00000000000008ca       0x52
 .text.__vector_2
                0x00000000000008ca       0x52 MCAL/INTERRUPT_Driver/INTERRUPT_program.o
                0x00000000000008ca                __vector_2

.text.__vector_3
                0x000000000000091c       0x52
 .text.__vector_3
                0x000000000000091c       0x52 MCAL/INTERRUPT_Driver/INTERRUPT_program.o
                0x000000000000091c                __vector_3

.text.__vector_12
                0x000000000000096e       0x52
 .text.__vector_12
                0x000000000000096e       0x52 MCAL/SPI_Driver/SPI_program.o
                0x000000000000096e                __vector_12

.text.libgcc.div
                0x00000000000009c0       0x44
 .text.libgcc.div
                0x00000000000009c0       0x44 c:/program files/microchip/xc8/v2.36/avr/bin/../lib/gcc/avr/5.4.0/avr5/memx-const\libgcc.a(_udivmodsi4.o)
                0x00000000000009c0                __udivmodsi4

.text.ADC_voidGetDigitalValue
                0x0000000000000a04       0x32
 .text.ADC_voidGetDigitalValue
                0x0000000000000a04       0x32 MCAL/ADC_Driver/ADC_program.o
                0x0000000000000a04                ADC_voidGetDigitalValue

.text.LCD_GOTOXY
                0x0000000000000a36       0x24
 .text.LCD_GOTOXY
                0x0000000000000a36       0x24 HAL/LCD_Driver/LCD_program.o
                0x0000000000000a36                LCD_GOTOXY

.text.LCD_lcd_kick
                0x0000000000000a5a       0x1e
 .text.LCD_lcd_kick
                0x0000000000000a5a       0x1e HAL/LCD_Driver/LCD_program.o
                0x0000000000000a5a                LCD_lcd_kick

.text.libgcc.mul
                0x0000000000000a78       0x1e
 .text.libgcc.mul
                0x0000000000000a78       0x1e c:/program files/microchip/xc8/v2.36/avr/bin/../lib/gcc/avr/5.4.0/avr5/memx-const\libgcc.a(_umulhisi3.o)
                0x0000000000000a78                __umulhisi3

.text.LCD_voidSendString
                0x0000000000000a96       0x1a
 .text.LCD_voidSendString
                0x0000000000000a96       0x1a HAL/LCD_Driver/LCD_program.o
                0x0000000000000a96                LCD_voidSendString

.text.DIO_voidInit
                0x0000000000000ab0       0x1a
 .text.DIO_voidInit
                0x0000000000000ab0       0x1a MCAL/DIO_Driver/DIO_program.o
                0x0000000000000ab0                DIO_voidInit

.text.libgcc    0x0000000000000aca       0x1a
 .text.libgcc   0x0000000000000aca       0x1a c:/program files/microchip/xc8/v2.36/avr/bin/../lib/gcc/avr/5.4.0/avr5/memx-const\libgcc.a(_movmemx.o)
                0x0000000000000aca                __movmemx_qi
                0x0000000000000acc                __movmemx_hi

.text.exit      0x0000000000000ae4       0x16
 .text.exit     0x0000000000000ae4       0x16 c:/program files/microchip/xc8/v2.36/avr/bin/../lib/gcc/avr/5.4.0/../../../../avr/lib/avr5/memx-const\libc.a(exit.o)
                0x0000000000000ae4                exit

.text.LCD_CLEAR_SCREEN
                0x0000000000000afa        0x8
 .text.LCD_CLEAR_SCREEN
                0x0000000000000afa        0x8 HAL/LCD_Driver/LCD_program.o
                0x0000000000000afa                LCD_CLEAR_SCREEN

.text           0x0000000000000b02        0x4
 .text          0x0000000000000b02        0x4 C:/Program Files (x86)/Atmel/Studio/7.0/Packs/atmel/ATmega_DFP/1.7.374/xc8/avr/lib/avr5/memx-const/crtatmega32.o
                0x0000000000000b02                __bad_interrupt
                0x0000000000000b02                __vector_6
                0x0000000000000b02                __vector_11
                0x0000000000000b02                __vector_13
                0x0000000000000b02                __vector_17
                0x0000000000000b02                __vector_19
                0x0000000000000b02                __vector_7
                0x0000000000000b02                __vector_5
                0x0000000000000b02                __vector_4
                0x0000000000000b02                __vector_9
                0x0000000000000b02                __vector_15
                0x0000000000000b02                __vector_8
                0x0000000000000b02                __vector_14
                0x0000000000000b02                __vector_10
                0x0000000000000b02                __vector_16
                0x0000000000000b02                __vector_18
                0x0000000000000b02                __vector_20

.text._Exit     0x0000000000000b06        0x4
 .text._Exit    0x0000000000000b06        0x4 c:/program files/microchip/xc8/v2.36/avr/bin/../lib/gcc/avr/5.4.0/../../../../avr/lib/avr5/memx-const\libc.a(_Exit.o)
                0x0000000000000b06                _Exit

.text.__dummy_fini
                0x0000000000000b0a        0x2
 .text.__dummy_fini
                0x0000000000000b0a        0x2 c:/program files/microchip/xc8/v2.36/avr/bin/../lib/gcc/avr/5.4.0/../../../../avr/lib/avr5/memx-const\libc.a(exit.o)
                0x0000000000000b0a                _fini

.text.__dummy_funcs_on_exit
                0x0000000000000b0c        0x2
 .text.__dummy_funcs_on_exit
                0x0000000000000b0c        0x2 c:/program files/microchip/xc8/v2.36/avr/bin/../lib/gcc/avr/5.4.0/../../../../avr/lib/avr5/memx-const\libc.a(exit.o)
                0x0000000000000b0c                __funcs_on_exit

.text.__dummy_simulator_exit
                0x0000000000000b0e        0x2
 .text.__dummy_simulator_exit
                0x0000000000000b0e        0x2 c:/program files/microchip/xc8/v2.36/avr/bin/../lib/gcc/avr/5.4.0/../../../../avr/lib/avr5/memx-const\libc.a(exit.o)
                0x0000000000000b0e                __simulator_exit

.rodata         0x0000000000800060       0x10 load address 0x0000000000000b10
 .rodata        0x0000000000800060       0x10 HAL/KYD_Driver/KPD.o
