Archive member included to satisfy reference by file (symbol)

c:/program files/microchip/xc8/v2.36/avr/bin/../lib/gcc/avr/5.4.0/../../../../avr/lib/avr5/memx-const\libm.a(addsf3.o)
                              MCAL/PWM_Driver/PWM_Program.o (__subsf3)
c:/program files/microchip/xc8/v2.36/avr/bin/../lib/gcc/avr/5.4.0/../../../../avr/lib/avr5/memx-const\libm.a(addsf3x.o)
                              c:/program files/microchip/xc8/v2.36/avr/bin/../lib/gcc/avr/5.4.0/../../../../avr/lib/avr5/memx-const\libm.a(addsf3.o) (__addsf3x)
c:/program files/microchip/xc8/v2.36/avr/bin/../lib/gcc/avr/5.4.0/../../../../avr/lib/avr5/memx-const\libm.a(cmpsf2.o)
                              MCAL/PWM_Driver/PWM_Program.o (__lesf2)
c:/program files/microchip/xc8/v2.36/avr/bin/../lib/gcc/avr/5.4.0/../../../../avr/lib/avr5/memx-const\libm.a(divsf3.o)
                              HAL/Servo_Motor_Driver/Servo_Motor.o (__divsf3)
c:/program files/microchip/xc8/v2.36/avr/bin/../lib/gcc/avr/5.4.0/../../../../avr/lib/avr5/memx-const\libm.a(divsf3x.o)
                              c:/program files/microchip/xc8/v2.36/avr/bin/../lib/gcc/avr/5.4.0/../../../../avr/lib/avr5/memx-const\libm.a(divsf3.o) (__divsf3x)
c:/program files/microchip/xc8/v2.36/avr/bin/../lib/gcc/avr/5.4.0/../../../../avr/lib/avr5/memx-const\libm.a(fixunssfsi.o)
                              MCAL/PWM_Driver/PWM_Program.o (__fixunssfsi)
c:/program files/microchip/xc8/v2.36/avr/bin/../lib/gcc/avr/5.4.0/../../../../avr/lib/avr5/memx-const\libm.a(floatsisf.o)
                              HAL/Servo_Motor_Driver/Servo_Motor.o (__floatunsisf)
c:/program files/microchip/xc8/v2.36/avr/bin/../lib/gcc/avr/5.4.0/../../../../avr/lib/avr5/memx-const\libm.a(fp_cmp.o)
                              c:/program files/microchip/xc8/v2.36/avr/bin/../lib/gcc/avr/5.4.0/../../../../avr/lib/avr5/memx-const\libm.a(cmpsf2.o) (__fp_cmp)
c:/program files/microchip/xc8/v2.36/avr/bin/../lib/gcc/avr/5.4.0/../../../../avr/lib/avr5/memx-const\libm.a(fp_inf.o)
                              c:/program files/microchip/xc8/v2.36/avr/bin/../lib/gcc/avr/5.4.0/../../../../avr/lib/avr5/memx-const\libm.a(addsf3x.o) (__fp_inf)
c:/program files/microchip/xc8/v2.36/avr/bin/../lib/gcc/avr/5.4.0/../../../../avr/lib/avr5/memx-const\libm.a(fp_nan.o)
                              c:/program files/microchip/xc8/v2.36/avr/bin/../lib/gcc/avr/5.4.0/../../../../avr/lib/avr5/memx-const\libm.a(addsf3x.o) (__fp_nan)
c:/program files/microchip/xc8/v2.36/avr/bin/../lib/gcc/avr/5.4.0/../../../../avr/lib/avr5/memx-const\libm.a(fp_pscA.o)
                              c:/program files/microchip/xc8/v2.36/avr/bin/../lib/gcc/avr/5.4.0/../../../../avr/lib/avr5/memx-const\libm.a(addsf3x.o) (__fp_pscA)
c:/program files/microchip/xc8/v2.36/avr/bin/../lib/gcc/avr/5.4.0/../../../../avr/lib/avr5/memx-const\libm.a(fp_pscB.o)
                              c:/program files/microchip/xc8/v2.36/avr/bin/../lib/gcc/avr/5.4.0/../../../../avr/lib/avr5/memx-const\libm.a(addsf3x.o) (__fp_pscB)
c:/program files/microchip/xc8/v2.36/avr/bin/../lib/gcc/avr/5.4.0/../../../../avr/lib/avr5/memx-const\libm.a(fp_round.o)
                              c:/program files/microchip/xc8/v2.36/avr/bin/../lib/gcc/avr/5.4.0/../../../../avr/lib/avr5/memx-const\libm.a(addsf3.o) (__fp_round)
c:/program files/microchip/xc8/v2.36/avr/bin/../lib/gcc/avr/5.4.0/../../../../avr/lib/avr5/memx-const\libm.a(fp_split3.o)
                              c:/program files/microchip/xc8/v2.36/avr/bin/../lib/gcc/avr/5.4.0/../../../../avr/lib/avr5/memx-const\libm.a(addsf3x.o) (__fp_split3)
c:/program files/microchip/xc8/v2.36/avr/bin/../lib/gcc/avr/5.4.0/../../../../avr/lib/avr5/memx-const\libm.a(fp_zero.o)
                              c:/program files/microchip/xc8/v2.36/avr/bin/../lib/gcc/avr/5.4.0/../../../../avr/lib/avr5/memx-const\libm.a(addsf3x.o) (__fp_zero)
c:/program files/microchip/xc8/v2.36/avr/bin/../lib/gcc/avr/5.4.0/../../../../avr/lib/avr5/memx-const\libm.a(mulsf3.o)
                              HAL/Servo_Motor_Driver/Servo_Motor.o (__mulsf3)
c:/program files/microchip/xc8/v2.36/avr/bin/../lib/gcc/avr/5.4.0/../../../../avr/lib/avr5/memx-const\libm.a(mulsf3x.o)
                              c:/program files/microchip/xc8/v2.36/avr/bin/../lib/gcc/avr/5.4.0/../../../../avr/lib/avr5/memx-const\libm.a(mulsf3.o) (__mulsf3x)
c:/program files/microchip/xc8/v2.36/avr/bin/../lib/gcc/avr/5.4.0/avr5/memx-const\libgcc.a(_udivmodsi4.o)
                              HAL/LCD_Driver/LCD_program.o (__udivmodsi4)
c:/program files/microchip/xc8/v2.36/avr/bin/../lib/gcc/avr/5.4.0/avr5/memx-const\libgcc.a(_copy_data.o)
                              HAL/KYD_Driver/KPD.o (__do_copy_data)
c:/program files/microchip/xc8/v2.36/avr/bin/../lib/gcc/avr/5.4.0/avr5/memx-const\libgcc.a(_umulhisi3.o)
                              MCAL/PWM_Driver/PWM_Program.o (__umulhisi3)
c:/program files/microchip/xc8/v2.36/avr/bin/../lib/gcc/avr/5.4.0/avr5/memx-const\libgcc.a(_movmemx.o)
                              main.o (__movmemx_qi)
c:/program files/microchip/xc8/v2.36/avr/bin/../lib/gcc/avr/5.4.0/../../../../avr/lib/avr5/memx-const\libc.a(exit.o)
                              C:/Program Files (x86)/Atmel/Studio/7.0/Packs/atmel/ATmega_DFP/1.7.374/xc8/avr/lib/avr5/memx-const/crtatmega32.o (exit)
c:/program files/microchip/xc8/v2.36/avr/bin/../lib/gcc/avr/5.4.0/../../../../avr/lib/avr5/memx-const\libc.a(strcmp.o)
                              main.o (strcmp)
c:/program files/microchip/xc8/v2.36/avr/bin/../lib/gcc/avr/5.4.0/../../../../avr/lib/avr5/memx-const\libc.a(_Exit.o)
                              c:/program files/microchip/xc8/v2.36/avr/bin/../lib/gcc/avr/5.4.0/../../../../avr/lib/avr5/memx-const\libc.a(exit.o) (_Exit)
c:/program files/microchip/xc8/v2.36/avr/bin/../lib/gcc/avr/5.4.0/avr5/memx-const\libgcc.a(_exit.o)
                              c:/program files/microchip/xc8/v2.36/avr/bin/../lib/gcc/avr/5.4.0/../../../../avr/lib/avr5/memx-const\libc.a(_Exit.o) (_exit)

Discarded input sections

 .data          0x0000000000000000        0x0 C:/Program Files (x86)/Atmel/Studio/7.0/Packs/atmel/ATmega_DFP/1.7.374/xc8/avr/lib/avr5/memx-const/crtatmega32.o
 .bss           0x0000000000000000        0x0 C:/Program Files (x86)/Atmel/Studio/7.0/Packs/atmel/ATmega_DFP/1.7.374/xc8/avr/lib/avr5/memx-const/crtatmega32.o
 .text          0x0000000000000000        0x0 HAL/KYD_Driver/KPD.o
 .data          0x0000000000000000        0x0 HAL/KYD_Driver/KPD.o
 .bss           0x0000000000000000        0x0 HAL/KYD_Driver/KPD.o
 .text          0x0000000000000000        0x0 HAL/LCD_Driver/LCD_program.o
 .data          0x0000000000000000        0x0 HAL/LCD_Driver/LCD_program.o
 .bss           0x0000000000000000        0x0 HAL/LCD_Driver/LCD_program.o
 .text.LCD_voidWriteNumber
                0x0000000000000000       0x9e HAL/LCD_Driver/LCD_program.o
 .text          0x0000000000000000        0x0 HAL/Servo_Motor_Driver/Servo_Motor.o
 .data          0x0000000000000000        0x0 HAL/Servo_Motor_Driver/Servo_Motor.o
 .bss           0x0000000000000000        0x0 HAL/Servo_Motor_Driver/Servo_Motor.o
 .text          0x0000000000000000        0x0 main.o
 .data          0x0000000000000000        0x0 main.o
 .bss           0x0000000000000000        0x0 main.o
 .text          0x0000000000000000        0x0 MCAL/ADC_Driver/ADC_program.o
 .data          0x0000000000000000        0x0 MCAL/ADC_Driver/ADC_program.o
 .bss           0x0000000000000000        0x0 MCAL/ADC_Driver/ADC_program.o
 .text.ADC_voidInit
                0x0000000000000000       0x60 MCAL/ADC_Driver/ADC_program.o
 .text.ADC_voidGetDigitalValue
                0x0000000000000000       0x32 MCAL/ADC_Driver/ADC_program.o
 .debug_info    0x0000000000000000      0x348 MCAL/ADC_Driver/ADC_program.o
 .debug_abbrev  0x0000000000000000       0x6f MCAL/ADC_Driver/ADC_program.o
 .debug_loc     0x0000000000000000       0x74 MCAL/ADC_Driver/ADC_program.o
 .debug_aranges
                0x0000000000000000       0x28 MCAL/ADC_Driver/ADC_program.o
 .debug_ranges  0x0000000000000000       0x18 MCAL/ADC_Driver/ADC_program.o
 .debug_line    0x0000000000000000      0x112 MCAL/ADC_Driver/ADC_program.o
 .debug_str     0x0000000000000000        0x0 MCAL/ADC_Driver/ADC_program.o
 .comment       0x0000000000000000       0x30 MCAL/ADC_Driver/ADC_program.o
 .debug_frame   0x0000000000000000       0x34 MCAL/ADC_Driver/ADC_program.o
 .text          0x0000000000000000        0x0 MCAL/DIO_Driver/DIO_program.o
 .data          0x0000000000000000        0x0 MCAL/DIO_Driver/DIO_program.o
 .bss           0x0000000000000000        0x0 MCAL/DIO_Driver/DIO_program.o
 .text.DIO_voidSetPortDirection
                0x0000000000000000       0x58 MCAL/DIO_Driver/DIO_program.o
 .text.DIO_voidSetPortValue
                0x0000000000000000       0x68 MCAL/DIO_Driver/DIO_program.o
 .text.DIO_voidTogglePortValue
                0x0000000000000000       0x30 MCAL/DIO_Driver/DIO_program.o
 .text.DIO_voidGetPortValue
                0x0000000000000000       0x30 MCAL/DIO_Driver/DIO_program.o
 .text.DIO_voidActivePinInPullUpResistance
                0x0000000000000000       0x96 MCAL/DIO_Driver/DIO_program.o
 .text.DIO_voidActivePortInPullUpResistance
                0x0000000000000000       0x36 MCAL/DIO_Driver/DIO_program.o
 .text          0x0000000000000000        0x0 MCAL/GIE_Driver/GIE_program.o
 .data          0x0000000000000000        0x0 MCAL/GIE_Driver/GIE_program.o
 .bss           0x0000000000000000        0x0 MCAL/GIE_Driver/GIE_program.o
 .text.GIE_voidEnable
                0x0000000000000000        0x8 MCAL/GIE_Driver/GIE_program.o
 .text.GIE_voidDisable
                0x0000000000000000        0x8 MCAL/GIE_Driver/GIE_program.o
 .debug_info    0x0000000000000000      0x2bf MCAL/GIE_Driver/GIE_program.o
 .debug_abbrev  0x0000000000000000       0x46 MCAL/GIE_Driver/GIE_program.o
 .debug_aranges
                0x0000000000000000       0x28 MCAL/GIE_Driver/GIE_program.o
 .debug_ranges  0x0000000000000000       0x18 MCAL/GIE_Driver/GIE_program.o
 .debug_line    0x0000000000000000       0x85 MCAL/GIE_Driver/GIE_program.o
 .debug_str     0x0000000000000000        0x0 MCAL/GIE_Driver/GIE_program.o
 .comment       0x0000000000000000       0x30 MCAL/GIE_Driver/GIE_program.o
 .debug_frame   0x0000000000000000       0x34 MCAL/GIE_Driver/GIE_program.o
 .text          0x0000000000000000        0x0 MCAL/INTERRUPT_Driver/INTERRUPT_program.o
 .data          0x0000000000000000        0x0 MCAL/INTERRUPT_Driver/INTERRUPT_program.o
 .bss           0x0000000000000000        0x0 MCAL/INTERRUPT_Driver/INTERRUPT_program.o
 .text.EXTI_voidEnable
                0x0000000000000000       0xca MCAL/INTERRUPT_Driver/INTERRUPT_program.o
 .text.EXTI_voidDisable
                0x0000000000000000       0x24 MCAL/INTERRUPT_Driver/INTERRUPT_program.o
 .text.EXTI_voidSetCall_BackINT0
                0x0000000000000000        0xe MCAL/INTERRUPT_Driver/INTERRUPT_program.o
 .text.EXTI_voidSetCall_BackINT1
                0x0000000000000000        0xe MCAL/INTERRUPT_Driver/INTERRUPT_program.o
 .text.EXTI_voidSetCall_BackINT2
                0x0000000000000000        0xe MCAL/INTERRUPT_Driver/INTERRUPT_program.o
 .text          0x0000000000000000        0x0 MCAL/INTERRUPT_Driver/Timer1_Driver/Timer1_Program.o
 .data          0x0000000000000000        0x0 MCAL/INTERRUPT_Driver/Timer1_Driver/Timer1_Program.o
 .bss           0x0000000000000000        0x0 MCAL/INTERRUPT_Driver/Timer1_Driver/Timer1_Program.o
 .text.Timer1_voidInit
                0x0000000000000000       0x42 MCAL/INTERRUPT_Driver/Timer1_Driver/Timer1_Program.o
 .text.Timer1_voidSetDutyCycle
                0x0000000000000000        0x6 MCAL/INTERRUPT_Driver/Timer1_Driver/Timer1_Program.o
 .text.Timer1_voidSetICR
                0x0000000000000000        0x6 MCAL/INTERRUPT_Driver/Timer1_Driver/Timer1_Program.o
 .debug_info    0x0000000000000000      0x385 MCAL/INTERRUPT_Driver/Timer1_Driver/Timer1_Program.o
 .debug_abbrev  0x0000000000000000       0x98 MCAL/INTERRUPT_Driver/Timer1_Driver/Timer1_Program.o
 .debug_aranges
                0x0000000000000000       0x30 MCAL/INTERRUPT_Driver/Timer1_Driver/Timer1_Program.o
 .debug_ranges  0x0000000000000000       0x20 MCAL/INTERRUPT_Driver/Timer1_Driver/Timer1_Program.o
 .debug_line    0x0000000000000000      0x111 MCAL/INTERRUPT_Driver/Timer1_Driver/Timer1_Program.o
 .debug_str     0x0000000000000000       0x18 MCAL/INTERRUPT_Driver/Timer1_Driver/Timer1_Program.o
 .comment       0x0000000000000000       0x30 MCAL/INTERRUPT_Driver/Timer1_Driver/Timer1_Program.o
 .debug_frame   0x0000000000000000       0x44 MCAL/INTERRUPT_Driver/Timer1_Driver/Timer1_Program.o
 .text          0x0000000000000000        0x0 MCAL/PWM_Driver/PWM_Program.o
 .data          0x0000000000000000        0x0 MCAL/PWM_Driver/PWM_Program.o
 .bss           0x0000000000000000        0x0 MCAL/PWM_Driver/PWM_Program.o
 .text.PWM_voidInitializeChannel_0
                0x0000000000000000       0x1a MCAL/PWM_Driver/PWM_Program.o
 .text.PWM_voidStopChannel_0
                0x0000000000000000       0x14 MCAL/PWM_Driver/PWM_Program.o
 .text.PWM_voidGenerateChannel_0
                0x0000000000000000       0x38 MCAL/PWM_Driver/PWM_Program.o
 .text          0x0000000000000000        0x0 MCAL/SPI_Driver/SPI_program.o
 .data          0x0000000000000000        0x0 MCAL/SPI_Driver/SPI_program.o
 .bss           0x0000000000000000        0x0 MCAL/SPI_Driver/SPI_program.o
 .text.SPI_voidInitMaster
                0x0000000000000000       0x38 MCAL/SPI_Driver/SPI_program.o
 .text.SPI_voidInitSlave
                0x0000000000000000       0x26 MCAL/SPI_Driver/SPI_program.o
 .text.SPI_voidSetCallBack
                0x0000000000000000        0xe MCAL/SPI_Driver/SPI_program.o
 .text.SPI_voidSendDataISR
                0x0000000000000000        0x4 MCAL/SPI_Driver/SPI_program.o
 .text.SPI_u8ReadDataISR
                0x0000000000000000        0x4 MCAL/SPI_Driver/SPI_program.o
 .text.SPI_voidTransieve
                0x0000000000000000       0x14 MCAL/SPI_Driver/SPI_program.o
 .text          0x0000000000000000        0x0 MCAL/TIMER_0_DRIVER/Timer0_Program.o
 .data          0x0000000000000000        0x0 MCAL/TIMER_0_DRIVER/Timer0_Program.o
 .bss           0x0000000000000000        0x0 MCAL/TIMER_0_DRIVER/Timer0_Program.o
 .text.TIMER0_voidInitialize
                0x0000000000000000       0x18 MCAL/TIMER_0_DRIVER/Timer0_Program.o
 .text.TIMER0_voidStart
                0x0000000000000000       0x14 MCAL/TIMER_0_DRIVER/Timer0_Program.o
 .text.TIMER0_voidSetDelay_CTC
                0x0000000000000000       0x44 MCAL/TIMER_0_DRIVER/Timer0_Program.o
 .text.TIMER0_u8SetCallBack
                0x0000000000000000       0x22 MCAL/TIMER_0_DRIVER/Timer0_Program.o
 .data          0x0000000000000000        0x0 c:/program files/microchip/xc8/v2.36/avr/bin/../lib/gcc/avr/5.4.0/../../../../avr/lib/avr5/memx-const\libm.a(addsf3.o)
 .bss           0x0000000000000000        0x0 c:/program files/microchip/xc8/v2.36/avr/bin/../lib/gcc/avr/5.4.0/../../../../avr/lib/avr5/memx-const\libm.a(addsf3.o)
 .stack.descriptors
                0x0000000000000000       0x2c c:/program files/microchip/xc8/v2.36/avr/bin/../lib/gcc/avr/5.4.0/../../../../avr/lib/avr5/memx-const\libm.a(addsf3.o)
 .data          0x0000000000000000        0x0 c:/program files/microchip/xc8/v2.36/avr/bin/../lib/gcc/avr/5.4.0/../../../../avr/lib/avr5/memx-const\libm.a(addsf3x.o)
 .bss           0x0000000000000000        0x0 c:/program files/microchip/xc8/v2.36/avr/bin/../lib/gcc/avr/5.4.0/../../../../avr/lib/avr5/memx-const\libm.a(addsf3x.o)
 .stack.descriptors
                0x0000000000000000       0x17 c:/program files/microchip/xc8/v2.36/avr/bin/../lib/gcc/avr/5.4.0/../../../../avr/lib/avr5/memx-const\libm.a(addsf3x.o)
 .data          0x0000000000000000        0x0 c:/program files/microchip/xc8/v2.36/avr/bin/../lib/gcc/avr/5.4.0/../../../../avr/lib/avr5/memx-const\libm.a(cmpsf2.o)
 .bss           0x0000000000000000        0x0 c:/program files/microchip/xc8/v2.36/avr/bin/../lib/gcc/avr/5.4.0/../../../../avr/lib/avr5/memx-const\libm.a(cmpsf2.o)
 .stack.descriptors
                0x0000000000000000       0x6a c:/program files/microchip/xc8/v2.36/avr/bin/../lib/gcc/avr/5.4.0/../../../../avr/lib/avr5/memx-const\libm.a(cmpsf2.o)
 .data          0x0000000000000000        0x0 c:/program files/microchip/xc8/v2.36/avr/bin/../lib/gcc/avr/5.4.0/../../../../avr/lib/avr5/memx-const\libm.a(divsf3.o)
 .bss           0x0000000000000000        0x0 c:/program files/microchip/xc8/v2.36/avr/bin/../lib/gcc/avr/5.4.0/../../../../avr/lib/avr5/memx-const\libm.a(divsf3.o)
 .stack.descriptors
                0x0000000000000000       0x16 c:/program files/microchip/xc8/v2.36/avr/bin/../lib/gcc/avr/5.4.0/../../../../avr/lib/avr5/memx-const\libm.a(divsf3.o)
 .data          0x0000000000000000        0x0 c:/program files/microchip/xc8/v2.36/avr/bin/../lib/gcc/avr/5.4.0/../../../../avr/lib/avr5/memx-const\libm.a(divsf3x.o)
 .bss           0x0000000000000000        0x0 c:/program files/microchip/xc8/v2.36/avr/bin/../lib/gcc/avr/5.4.0/../../../../avr/lib/avr5/memx-const\libm.a(divsf3x.o)
 .stack.descriptors
                0x0000000000000000       0x31 c:/program files/microchip/xc8/v2.36/avr/bin/../lib/gcc/avr/5.4.0/../../../../avr/lib/avr5/memx-const\libm.a(divsf3x.o)
 .data          0x0000000000000000        0x0 c:/program files/microchip/xc8/v2.36/avr/bin/../lib/gcc/avr/5.4.0/../../../../avr/lib/avr5/memx-const\libm.a(fixunssfsi.o)
 .bss           0x0000000000000000        0x0 c:/program files/microchip/xc8/v2.36/avr/bin/../lib/gcc/avr/5.4.0/../../../../avr/lib/avr5/memx-const\libm.a(fixunssfsi.o)
 .stack.descriptors
                0x0000000000000000       0x1a c:/program files/microchip/xc8/v2.36/avr/bin/../lib/gcc/avr/5.4.0/../../../../avr/lib/avr5/memx-const\libm.a(fixunssfsi.o)
 .data          0x0000000000000000        0x0 c:/program files/microchip/xc8/v2.36/avr/bin/../lib/gcc/avr/5.4.0/../../../../avr/lib/avr5/memx-const\libm.a(floatsisf.o)
 .bss           0x0000000000000000        0x0 c:/program files/microchip/xc8/v2.36/avr/bin/../lib/gcc/avr/5.4.0/../../../../avr/lib/avr5/memx-const\libm.a(floatsisf.o)
 .stack.descriptors
                0x0000000000000000       0x34 c:/program files/microchip/xc8/v2.36/avr/bin/../lib/gcc/avr/5.4.0/../../../../avr/lib/avr5/memx-const\libm.a(floatsisf.o)
 .data          0x0000000000000000        0x0 c:/program files/microchip/xc8/v2.36/avr/bin/../lib/gcc/avr/5.4.0/../../../../avr/lib/avr5/memx-const\libm.a(fp_cmp.o)
 .bss           0x0000000000000000        0x0 c:/program files/microchip/xc8/v2.36/avr/bin/../lib/gcc/avr/5.4.0/../../../../avr/lib/avr5/memx-const\libm.a(fp_cmp.o)
 .stack.descriptors
                0x0000000000000000       0x16 c:/program files/microchip/xc8/v2.36/avr/bin/../lib/gcc/avr/5.4.0/../../../../avr/lib/avr5/memx-const\libm.a(fp_cmp.o)
 .data          0x0000000000000000        0x0 c:/program files/microchip/xc8/v2.36/avr/bin/../lib/gcc/avr/5.4.0/../../../../avr/lib/avr5/memx-const\libm.a(fp_inf.o)
 .bss           0x0000000000000000        0x0 c:/program files/microchip/xc8/v2.36/avr/bin/../lib/gcc/avr/5.4.0/../../../../avr/lib/avr5/memx-const\libm.a(fp_inf.o)
 .stack.descriptors
                0x0000000000000000       0x16 c:/program files/microchip/xc8/v2.36/avr/bin/../lib/gcc/avr/5.4.0/../../../../avr/lib/avr5/memx-const\libm.a(fp_inf.o)
 .data          0x0000000000000000        0x0 c:/program files/microchip/xc8/v2.36/avr/bin/../lib/gcc/avr/5.4.0/../../../../avr/lib/avr5/memx-const\libm.a(fp_nan.o)
 .bss           0x0000000000000000        0x0 c:/program files/microchip/xc8/v2.36/avr/bin/../lib/gcc/avr/5.4.0/../../../../avr/lib/avr5/memx-const\libm.a(fp_nan.o)
 .stack.descriptors
                0x0000000000000000       0x16 c:/program files/microchip/xc8/v2.36/avr/bin/../lib/gcc/avr/5.4.0/../../../../avr/lib/avr5/memx-const\libm.a(fp_nan.o)
 .data          0x0000000000000000        0x0 c:/program files/microchip/xc8/v2.36/avr/bin/../lib/gcc/avr/5.4.0/../../../../avr/lib/avr5/memx-const\libm.a(fp_pscA.o)
 .bss           0x0000000000000000        0x0 c:/program files/microchip/xc8/v2.36/avr/bin/../lib/gcc/avr/5.4.0/../../../../avr/lib/avr5/memx-const\libm.a(fp_pscA.o)
 .stack.descriptors
                0x0000000000000000       0x17 c:/program files/microchip/xc8/v2.36/avr/bin/../lib/gcc/avr/5.4.0/../../../../avr/lib/avr5/memx-const\libm.a(fp_pscA.o)
 .data          0x0000000000000000        0x0 c:/program files/microchip/xc8/v2.36/avr/bin/../lib/gcc/avr/5.4.0/../../../../avr/lib/avr5/memx-const\libm.a(fp_pscB.o)
 .bss           0x0000000000000000        0x0 c:/program files/microchip/xc8/v2.36/avr/bin/../lib/gcc/avr/5.4.0/../../../../avr/lib/avr5/memx-const\libm.a(fp_pscB.o)
 .stack.descriptors
                0x0000000000000000       0x17 c:/program files/microchip/xc8/v2.36/avr/bin/../lib/gcc/avr/5.4.0/../../../../avr/lib/avr5/memx-const\libm.a(fp_pscB.o)
 .data          0x0000000000000000        0x0 c:/program files/microchip/xc8/v2.36/avr/bin/../lib/gcc/avr/5.4.0/../../../../avr/lib/avr5/memx-const\libm.a(fp_round.o)
 .bss           0x0000000000000000        0x0 c:/program files/microchip/xc8/v2.36/avr/bin/../lib/gcc/avr/5.4.0/../../../../avr/lib/avr5/memx-const\libm.a(fp_round.o)
 .stack.descriptors
                0x0000000000000000       0x18 c:/program files/microchip/xc8/v2.36/avr/bin/../lib/gcc/avr/5.4.0/../../../../avr/lib/avr5/memx-const\libm.a(fp_round.o)
 .data          0x0000000000000000        0x0 c:/program files/microchip/xc8/v2.36/avr/bin/../lib/gcc/avr/5.4.0/../../../../avr/lib/avr5/memx-const\libm.a(fp_split3.o)
 .bss           0x0000000000000000        0x0 c:/program files/microchip/xc8/v2.36/avr/bin/../lib/gcc/avr/5.4.0/../../../../avr/lib/avr5/memx-const\libm.a(fp_split3.o)
 .stack.descriptors
                0x0000000000000000       0x32 c:/program files/microchip/xc8/v2.36/avr/bin/../lib/gcc/avr/5.4.0/../../../../avr/lib/avr5/memx-const\libm.a(fp_split3.o)
 .data          0x0000000000000000        0x0 c:/program files/microchip/xc8/v2.36/avr/bin/../lib/gcc/avr/5.4.0/../../../../avr/lib/avr5/memx-const\libm.a(fp_zero.o)
 .bss           0x0000000000000000        0x0 c:/program files/microchip/xc8/v2.36/avr/bin/../lib/gcc/avr/5.4.0/../../../../avr/lib/avr5/memx-const\libm.a(fp_zero.o)
 .stack.descriptors
                0x0000000000000000       0x2f c:/program files/microchip/xc8/v2.36/avr/bin/../lib/gcc/avr/5.4.0/../../../../avr/lib/avr5/memx-const\libm.a(fp_zero.o)
 .data          0x0000000000000000        0x0 c:/program files/microchip/xc8/v2.36/avr/bin/../lib/gcc/avr/5.4.0/../../../../avr/lib/avr5/memx-const\libm.a(mulsf3.o)
 .bss           0x0000000000000000        0x0 c:/program files/microchip/xc8/v2.36/avr/bin/../lib/gcc/avr/5.4.0/../../../../avr/lib/avr5/memx-const\libm.a(mulsf3.o)
 .stack.descriptors
                0x0000000000000000       0x16 c:/program files/microchip/xc8/v2.36/avr/bin/../lib/gcc/avr/5.4.0/../../../../avr/lib/avr5/memx-const\libm.a(mulsf3.o)
 .data          0x0000000000000000        0x0 c:/program files/microchip/xc8/v2.36/avr/bin/../lib/gcc/avr/5.4.0/../../../../avr/lib/avr5/memx-const\libm.a(mulsf3x.o)
 .bss           0x0000000000000000        0x0 c:/program files/microchip/xc8/v2.36/avr/bin/../lib/gcc/avr/5.4.0/../../../../avr/lib/avr5/memx-const\libm.a(mulsf3x.o)
 .stack.descriptors
                0x0000000000000000       0x31 c:/program files/microchip/xc8/v2.36/avr/bin/../lib/gcc/avr/5.4.0/../../../../avr/lib/avr5/memx-const\libm.a(mulsf3x.o)
 .text          0x0000000000000000        0x0 c:/program files/microchip/xc8/v2.36/avr/bin/../lib/gcc/avr/5.4.0/avr5/memx-const\libgcc.a(_udivmodsi4.o)
 .data          0x0000000000000000        0x0 c:/program files/microchip/xc8/v2.36/avr/bin/../lib/gcc/avr/5.4.0/avr5/memx-const\libgcc.a(_udivmodsi4.o)
 .bss           0x0000000000000000        0x0 c:/program files/microchip/xc8/v2.36/avr/bin/../lib/gcc/avr/5.4.0/avr5/memx-const\libgcc.a(_udivmodsi4.o)
 .text.libgcc.mul
                0x0000000000000000        0x0 c:/program files/microchip/xc8/v2.36/avr/bin/../lib/gcc/avr/5.4.0/avr5/memx-const\libgcc.a(_udivmodsi4.o)
 .stack.descriptors
                0x0000000000000000       0x1a c:/program files/microchip/xc8/v2.36/avr/bin/../lib/gcc/avr/5.4.0/avr5/memx-const\libgcc.a(_udivmodsi4.o)
 .text.libgcc   0x0000000000000000        0x0 c:/program files/microchip/xc8/v2.36/avr/bin/../lib/gcc/avr/5.4.0/avr5/memx-const\libgcc.a(_udivmodsi4.o)
 .text.libgcc.prologue
                0x0000000000000000        0x0 c:/program files/microchip/xc8/v2.36/avr/bin/../lib/gcc/avr/5.4.0/avr5/memx-const\libgcc.a(_udivmodsi4.o)
 .text.libgcc.builtins
                0x0000000000000000        0x0 c:/program files/microchip/xc8/v2.36/avr/bin/../lib/gcc/avr/5.4.0/avr5/memx-const\libgcc.a(_udivmodsi4.o)
 .text.libgcc.fmul
                0x0000000000000000        0x0 c:/program files/microchip/xc8/v2.36/avr/bin/../lib/gcc/avr/5.4.0/avr5/memx-const\libgcc.a(_udivmodsi4.o)
 .text.libgcc.fixed
                0x0000000000000000        0x0 c:/program files/microchip/xc8/v2.36/avr/bin/../lib/gcc/avr/5.4.0/avr5/memx-const\libgcc.a(_udivmodsi4.o)
 .text          0x0000000000000000        0x0 c:/program files/microchip/xc8/v2.36/avr/bin/../lib/gcc/avr/5.4.0/avr5/memx-const\libgcc.a(_copy_data.o)
 .data          0x0000000000000000        0x0 c:/program files/microchip/xc8/v2.36/avr/bin/../lib/gcc/avr/5.4.0/avr5/memx-const\libgcc.a(_copy_data.o)
 .bss           0x0000000000000000        0x0 c:/program files/microchip/xc8/v2.36/avr/bin/../lib/gcc/avr/5.4.0/avr5/memx-const\libgcc.a(_copy_data.o)
 .text.libgcc.mul
                0x0000000000000000        0x0 c:/program files/microchip/xc8/v2.36/avr/bin/../lib/gcc/avr/5.4.0/avr5/memx-const\libgcc.a(_copy_data.o)
 .text.libgcc.div
                0x0000000000000000        0x0 c:/program files/microchip/xc8/v2.36/avr/bin/../lib/gcc/avr/5.4.0/avr5/memx-const\libgcc.a(_copy_data.o)
 .text.libgcc   0x0000000000000000        0x0 c:/program files/microchip/xc8/v2.36/avr/bin/../lib/gcc/avr/5.4.0/avr5/memx-const\libgcc.a(_copy_data.o)
 .text.libgcc.prologue
                0x0000000000000000        0x0 c:/program files/microchip/xc8/v2.36/avr/bin/../lib/gcc/avr/5.4.0/avr5/memx-const\libgcc.a(_copy_data.o)
 .text.libgcc.builtins
                0x0000000000000000        0x0 c:/program files/microchip/xc8/v2.36/avr/bin/../lib/gcc/avr/5.4.0/avr5/memx-const\libgcc.a(_copy_data.o)
 .text.libgcc.fmul
                0x0000000000000000        0x0 c:/program files/microchip/xc8/v2.36/avr/bin/../lib/gcc/avr/5.4.0/avr5/memx-const\libgcc.a(_copy_data.o)
 .text.libgcc.fixed
                0x0000000000000000        0x0 c:/program files/microchip/xc8/v2.36/avr/bin/../lib/gcc/avr/5.4.0/avr5/memx-const\libgcc.a(_copy_data.o)
 .text          0x0000000000000000        0x0 c:/program files/microchip/xc8/v2.36/avr/bin/../lib/gcc/avr/5.4.0/avr5/memx-const\libgcc.a(_umulhisi3.o)
 .data          0x0000000000000000        0x0 c:/program files/microchip/xc8/v2.36/avr/bin/../lib/gcc/avr/5.4.0/avr5/memx-const\libgcc.a(_umulhisi3.o)
 .bss           0x0000000000000000        0x0 c:/program files/microchip/xc8/v2.36/avr/bin/../lib/gcc/avr/5.4.0/avr5/memx-const\libgcc.a(_umulhisi3.o)
 .text.libgcc.mul
                0x0000000000000000       0x1e c:/program files/microchip/xc8/v2.36/avr/bin/../lib/gcc/avr/5.4.0/avr5/memx-const\libgcc.a(_umulhisi3.o)
 .stack.descriptors.hdr
                0x0000000000000000        0xe c:/program files/microchip/xc8/v2.36/avr/bin/../lib/gcc/avr/5.4.0/avr5/memx-const\libgcc.a(_umulhisi3.o)
 .stack.descriptors
                0x0000000000000000       0x19 c:/program files/microchip/xc8/v2.36/avr/bin/../lib/gcc/avr/5.4.0/avr5/memx-const\libgcc.a(_umulhisi3.o)
 .text.libgcc.div
                0x0000000000000000        0x0 c:/program files/microchip/xc8/v2.36/avr/bin/../lib/gcc/avr/5.4.0/avr5/memx-const\libgcc.a(_umulhisi3.o)
 .text.libgcc   0x0000000000000000        0x0 c:/program files/microchip/xc8/v2.36/avr/bin/../lib/gcc/avr/5.4.0/avr5/memx-const\libgcc.a(_umulhisi3.o)
 .text.libgcc.prologue
                0x0000000000000000        0x0 c:/program files/microchip/xc8/v2.36/avr/bin/../lib/gcc/avr/5.4.0/avr5/memx-const\libgcc.a(_umulhisi3.o)
 .text.libgcc.builtins
                0x0000000000000000        0x0 c:/program files/microchip/xc8/v2.36/avr/bin/../lib/gcc/avr/5.4.0/avr5/memx-const\libgcc.a(_umulhisi3.o)
 .text.libgcc.fmul
                0x0000000000000000        0x0 c:/program files/microchip/xc8/v2.36/avr/bin/../lib/gcc/avr/5.4.0/avr5/memx-const\libgcc.a(_umulhisi3.o)
 .text.libgcc.fixed
                0x0000000000000000        0x0 c:/program files/microchip/xc8/v2.36/avr/bin/../lib/gcc/avr/5.4.0/avr5/memx-const\libgcc.a(_umulhisi3.o)
 .text          0x0000000000000000        0x0 c:/program files/microchip/xc8/v2.36/avr/bin/../lib/gcc/avr/5.4.0/avr5/memx-const\libgcc.a(_movmemx.o)
 .data          0x0000000000000000        0x0 c:/program files/microchip/xc8/v2.36/avr/bin/../lib/gcc/avr/5.4.0/avr5/memx-const\libgcc.a(_movmemx.o)
 .bss           0x0000000000000000        0x0 c:/program files/microchip/xc8/v2.36/avr/bin/../lib/gcc/avr/5.4.0/avr5/memx-const\libgcc.a(_movmemx.o)
 .text.libgcc.mul
                0x0000000000000000        0x0 c:/program files/microchip/xc8/v2.36/avr/bin/../lib/gcc/avr/5.4.0/avr5/memx-const\libgcc.a(_movmemx.o)
 .text.libgcc.div
                0x0000000000000000        0x0 c:/program files/microchip/xc8/v2.36/avr/bin/../lib/gcc/avr/5.4.0/avr5/memx-const\libgcc.a(_movmemx.o)
 .text.libgcc.prologue
                0x0000000000000000        0x0 c:/program files/microchip/xc8/v2.36/avr/bin/../lib/gcc/avr/5.4.0/avr5/memx-const\libgcc.a(_movmemx.o)
 .stack.descriptors
                0x0000000000000000       0x34 c:/program files/microchip/xc8/v2.36/avr/bin/../lib/gcc/avr/5.4.0/avr5/memx-const\libgcc.a(_movmemx.o)
 .text.libgcc.builtins
                0x0000000000000000        0x0 c:/program files/microchip/xc8/v2.36/avr/bin/../lib/gcc/avr/5.4.0/avr5/memx-const\libgcc.a(_movmemx.o)
 .text.libgcc.fmul
                0x0000000000000000        0x0 c:/program files/microchip/xc8/v2.36/avr/bin/../lib/gcc/avr/5.4.0/avr5/memx-const\libgcc.a(_movmemx.o)
 .text.libgcc.fixed
                0x0000000000000000        0x0 c:/program files/microchip/xc8/v2.36/avr/bin/../lib/gcc/avr/5.4.0/avr5/memx-const\libgcc.a(_movmemx.o)
 .text          0x0000000000000000        0x0 c:/program files/microchip/xc8/v2.36/avr/bin/../lib/gcc/avr/5.4.0/../../../../avr/lib/avr5/memx-const\libc.a(exit.o)
 .data          0x0000000000000000        0x0 c:/program files/microchip/xc8/v2.36/avr/bin/../lib/gcc/avr/5.4.0/../../../../avr/lib/avr5/memx-const\libc.a(exit.o)
 .bss           0x0000000000000000        0x0 c:/program files/microchip/xc8/v2.36/avr/bin/../lib/gcc/avr/5.4.0/../../../../avr/lib/avr5/memx-const\libc.a(exit.o)
 .text          0x0000000000000000        0x0 c:/program files/microchip/xc8/v2.36/avr/bin/../lib/gcc/avr/5.4.0/../../../../avr/lib/avr5/memx-const\libc.a(strcmp.o)
 .data          0x0000000000000000        0x0 c:/program files/microchip/xc8/v2.36/avr/bin/../lib/gcc/avr/5.4.0/../../../../avr/lib/avr5/memx-const\libc.a(strcmp.o)
 .bss           0x0000000000000000        0x0 c:/program files/microchip/xc8/v2.36/avr/bin/../lib/gcc/avr/5.4.0/../../../../avr/lib/avr5/memx-const\libc.a(strcmp.o)
 .text          0x0000000000000000        0x0 c:/program files/microchip/xc8/v2.36/avr/bin/../lib/gcc/avr/5.4.0/../../../../avr/lib/avr5/memx-const\libc.a(_Exit.o)
 .data          0x0000000000000000        0x0 c:/program files/microchip/xc8/v2.36/avr/bin/../lib/gcc/avr/5.4.0/../../../../avr/lib/avr5/memx-const\libc.a(_Exit.o)
 .bss           0x0000000000000000        0x0 c:/program files/microchip/xc8/v2.36/avr/bin/../lib/gcc/avr/5.4.0/../../../../avr/lib/avr5/memx-const\libc.a(_Exit.o)
 .text          0x0000000000000000        0x0 c:/program files/microchip/xc8/v2.36/avr/bin/../lib/gcc/avr/5.4.0/avr5/memx-const\libgcc.a(_exit.o)
 .data          0x0000000000000000        0x0 c:/program files/microchip/xc8/v2.36/avr/bin/../lib/gcc/avr/5.4.0/avr5/memx-const\libgcc.a(_exit.o)
 .bss           0x0000000000000000        0x0 c:/program files/microchip/xc8/v2.36/avr/bin/../lib/gcc/avr/5.4.0/avr5/memx-const\libgcc.a(_exit.o)
 .text.libgcc.mul
                0x0000000000000000        0x0 c:/program files/microchip/xc8/v2.36/avr/bin/../lib/gcc/avr/5.4.0/avr5/memx-const\libgcc.a(_exit.o)
 .text.libgcc.div
                0x0000000000000000        0x0 c:/program files/microchip/xc8/v2.36/avr/bin/../lib/gcc/avr/5.4.0/avr5/memx-const\libgcc.a(_exit.o)
 .text.libgcc   0x0000000000000000        0x0 c:/program files/microchip/xc8/v2.36/avr/bin/../lib/gcc/avr/5.4.0/avr5/memx-const\libgcc.a(_exit.o)
 .text.libgcc.prologue
                0x0000000000000000        0x0 c:/program files/microchip/xc8/v2.36/avr/bin/../lib/gcc/avr/5.4.0/avr5/memx-const\libgcc.a(_exit.o)
 .stack.descriptors
                0x0000000000000000       0x13 c:/program files/microchip/xc8/v2.36/avr/bin/../lib/gcc/avr/5.4.0/avr5/memx-const\libgcc.a(_exit.o)
 .text.libgcc.builtins
                0x0000000000000000        0x0 c:/program files/microchip/xc8/v2.36/avr/bin/../lib/gcc/avr/5.4.0/avr5/memx-const\libgcc.a(_exit.o)
 .text.libgcc.fmul
                0x0000000000000000        0x0 c:/program files/microchip/xc8/v2.36/avr/bin/../lib/gcc/avr/5.4.0/avr5/memx-const\libgcc.a(_exit.o)
 .text.libgcc.fixed
                0x0000000000000000        0x0 c:/program files/microchip/xc8/v2.36/avr/bin/../lib/gcc/avr/5.4.0/avr5/memx-const\libgcc.a(_exit.o)

Memory Configuration

Name             Origin             Length             Attributes
text             0x0000000000000000 0x0000000000008000 xr
data             0x0000000000800060 0x0000000000000800 rw !x
eeprom           0x0000000000810000 0x0000000000000400 rw !x
fuse             0x0000000000820000 0x0000000000000002 rw !x
lock             0x0000000000830000 0x0000000000000400 rw !x
signature        0x0000000000840000 0x0000000000000400 rw !x
user_signatures  0x0000000000850000 0x0000000000000400 rw !x
*default*        0x0000000000000000 0xffffffffffffffff

Linker script and memory map

LOAD C:/Program Files (x86)/Atmel/Studio/7.0/Packs/atmel/ATmega_DFP/1.7.374/xc8/avr/lib/avr5/memx-const/crtatmega32.o
LOAD HAL/KYD_Driver/KPD.o
LOAD HAL/LCD_Driver/LCD_program.o
LOAD HAL/Servo_Motor_Driver/Servo_Motor.o
LOAD main.o
LOAD MCAL/ADC_Driver/ADC_program.o
LOAD MCAL/DIO_Driver/DIO_program.o
LOAD MCAL/GIE_Driver/GIE_program.o
LOAD MCAL/INTERRUPT_Driver/INTERRUPT_program.o
LOAD MCAL/INTERRUPT_Driver/Timer1_Driver/Timer1_Program.o
LOAD MCAL/PWM_Driver/PWM_Program.o
LOAD MCAL/SPI_Driver/SPI_program.o
LOAD MCAL/TIMER_0_DRIVER/Timer0_Program.o
START GROUP
LOAD c:/program files/microchip/xc8/v2.36/avr/bin/../lib/gcc/avr/5.4.0/../../../../avr/lib/avr5/memx-const\libm.a
END GROUP
START GROUP
LOAD c:/program files/microchip/xc8/v2.36/avr/bin/../lib/gcc/avr/5.4.0/avr5/memx-const\libgcc.a
LOAD c:/program files/microchip/xc8/v2.36/avr/bin/../lib/gcc/avr/5.4.0/../../../../avr/lib/avr5/memx-const\libm.a
LOAD c:/program files/microchip/xc8/v2.36/avr/bin/../lib/gcc/avr/5.4.0/../../../../avr/lib/avr5/memx-const\libc.a
LOAD C:/Program Files (x86)/Atmel/Studio/7.0/Packs/atmel/ATmega_DFP/1.7.374/xc8/avr/lib/avr5/memx-const\libatmega32.a
END GROUP
                0x0000000000000000                __TEXT_REGION_ORIGIN__ = DEFINED (__TEXT_REGION_ORIGIN__)?__TEXT_REGION_ORIGIN__:0x0
                [0x0000000000800060]                __DATA_REGION_ORIGIN__ = DEFINED (__DATA_REGION_ORIGIN__)?__DATA_REGION_ORIGIN__:0x800060
                [0x0000000000008000]                __TEXT_REGION_LENGTH__ = DEFINED (__TEXT_REGION_LENGTH__)?__TEXT_REGION_LENGTH__:0x20000
                [0x0000000000000800]                __DATA_REGION_LENGTH__ = DEFINED (__DATA_REGION_LENGTH__)?__DATA_REGION_LENGTH__:0xffa0
                [0x0000000000000400]                __EEPROM_REGION_LENGTH__ = DEFINED (__EEPROM_REGION_LENGTH__)?__EEPROM_REGION_LENGTH__:0x10000
                [0x0000000000000002]                __FUSE_REGION_LENGTH__ = DEFINED (__FUSE_REGION_LENGTH__)?__FUSE_REGION_LENGTH__:0x400
                0x0000000000000400                __LOCK_REGION_LENGTH__ = DEFINED (__LOCK_REGION_LENGTH__)?__LOCK_REGION_LENGTH__:0x400
                0x0000000000000400                __SIGNATURE_REGION_LENGTH__ = DEFINED (__SIGNATURE_REGION_LENGTH__)?__SIGNATURE_REGION_LENGTH__:0x400
                0x0000000000000400                __USER_SIGNATURE_REGION_LENGTH__ = DEFINED (__USER_SIGNATURE_REGION_LENGTH__)?__USER_SIGNATURE_REGION_LENGTH__:0x400

.hash
 *(.hash)

.dynsym
 *(.dynsym)

.dynstr
 *(.dynstr)

.gnu.version
 *(.gnu.version)

.gnu.version_d
 *(.gnu.version_d)

.gnu.version_r
 *(.gnu.version_r)

.rel.init
 *(.rel.init)

.rela.init
 *(.rela.init)

.rel.text
 *(.rel.text)
 *(.rel.text.*)
 *(.rel.gnu.linkonce.t*)

.rela.text
 *(.rela.text)
 *(.rela.text.*)
 *(.rela.gnu.linkonce.t*)

.rel.fini
 *(.rel.fini)

.rela.fini
 *(.rela.fini)

.rel.rodata
 *(.rel.rodata)
 *(.rel.rodata.*)
 *(.rel.gnu.linkonce.r*)

.rela.rodata
 *(.rela.rodata)
 *(.rela.rodata.*)
 *(.rela.gnu.linkonce.r*)

.rel.data
 *(.rel.data)
 *(.rel.data.*)
 *(.rel.gnu.linkonce.d*)

.rela.data
 *(.rela.data)
 *(.rela.data.*)
 *(.rela.gnu.linkonce.d*)

.rel.ctors
 *(.rel.ctors)

.rela.ctors
 *(.rela.ctors)

.rel.dtors
 *(.rel.dtors)

.rela.dtors
 *(.rela.dtors)

.rel.got
 *(.rel.got)

.rela.got
 *(.rela.got)

.rel.bss
 *(.rel.bss)

.rela.bss
 *(.rela.bss)

.rel.plt
 *(.rel.plt)

.rela.plt
 *(.rela.plt)

.text           0x0000000000000000       0xb4
 *(.vectors)
 .vectors       0x0000000000000000       0x54 C:/Program Files (x86)/Atmel/Studio/7.0/Packs/atmel/ATmega_DFP/1.7.374/xc8/avr/lib/avr5/memx-const/crtatmega32.o
                0x0000000000000000                __vector_default
                0x0000000000000000                __vectors
 *(.vectors)
 *(.progmem.gcc*)
 *(.dinit)
 .dinit         0x0000000000000054        0xc data_init
                0x0000000000000060                . = ALIGN (0x2)
                0x0000000000000060                __trampolines_start = .
 *(.trampolines)
 .trampolines   0x0000000000000060        0x0 linker stubs
 *(.trampolines*)
                0x0000000000000060                __trampolines_end = .
 *libprintf_flt.a:*(.progmem.data)
 *libc.a:*(.progmem.data)
                0x0000000000000060                . = ALIGN (0x2)
 *(.jumptables)
 *(.jumptables*)
 *(.lowtext)
 *(.lowtext*)
                0x0000000000000060                __ctors_start = .
 *(.ctors)
                0x0000000000000060                __ctors_end = .
                0x0000000000000060                __dtors_start = .
 *(.dtors)
                0x0000000000000060                __dtors_end = .
 SORT(*)(.ctors)
 SORT(*)(.dtors)
 *(.init0)
 .init0         0x0000000000000060        0x0 C:/Program Files (x86)/Atmel/Studio/7.0/Packs/atmel/ATmega_DFP/1.7.374/xc8/avr/lib/avr5/memx-const/crtatmega32.o
                0x0000000000000060                __init
 *(.init0)
 *(.init1)
 *(.init1)
 *(.init2)
 .init2         0x0000000000000060        0xc C:/Program Files (x86)/Atmel/Studio/7.0/Packs/atmel/ATmega_DFP/1.7.374/xc8/avr/lib/avr5/memx-const/crtatmega32.o
 *(.init2)
 *(.init3)
 *(.init3)
 *(.init4)
 .init4         0x000000000000006c       0x3c c:/program files/microchip/xc8/v2.36/avr/bin/../lib/gcc/avr/5.4.0/avr5/memx-const\libgcc.a(_copy_data.o)
                0x000000000000006c                __do_copy_data
                0x000000000000009a                __do_clear_bss
 *(.init4)
 *(.init5)
 *(.init5)
 *(.init6)
 *(.init6)
 *(.init7)
 *(.init7)
 *(.init8)
 *(.init8)
 *(.init9)
 .init9         0x00000000000000a8        0x8 C:/Program Files (x86)/Atmel/Studio/7.0/Packs/atmel/ATmega_DFP/1.7.374/xc8/avr/lib/avr5/memx-const/crtatmega32.o
 *(.init9)
                0x00000000000000b0                . = ALIGN (0x2)
 *(.fini9)
 .fini9         0x00000000000000b0        0x0 c:/program files/microchip/xc8/v2.36/avr/bin/../lib/gcc/avr/5.4.0/avr5/memx-const\libgcc.a(_exit.o)
                0x00000000000000b0                _exit
 *(.fini9)
 *(.fini8)
 *(.fini8)
 *(.fini7)
 *(.fini7)
 *(.fini6)
 *(.fini6)
 *(.fini5)
 *(.fini5)
 *(.fini4)
 *(.fini4)
 *(.fini3)
 *(.fini3)
 *(.fini2)
 *(.fini2)
 *(.fini1)
 *(.fini1)
 *(.fini0)
 .fini0         0x00000000000000b0        0x4 c:/program files/microchip/xc8/v2.36/avr/bin/../lib/gcc/avr/5.4.0/avr5/memx-const\libgcc.a(_exit.o)
 *(.fini0)
                0x00000000000000b4                _etext = .

.data           0x0000000000800060        0x0 load address 0x00000000000000b4
                [!provide]                        PROVIDE (__data_start, .)
 *(.gnu.linkonce.d*)
 *(.gnu.linkonce.r*)
                0x0000000000800060                . = ALIGN (0x2)
                0x0000000000800060                _edata = .
                [!provide]                        PROVIDE (__data_end, .)

.bss            0x0000000000800060        0x0
                [!provide]                        PROVIDE (__bss_start, .)
 *(COMMON)
                [!provide]                        PROVIDE (__bss_end, .)
                0x00000000000000b4                __data_load_start = LOADADDR (.data)
                0x00000000000000b4                __data_load_end = (__data_load_start + SIZEOF (.data))

.noinit         0x0000000000800060        0x0
                [!provide]                        PROVIDE (__noinit_start, .)
 *(.noinit*)
                [!provide]                        PROVIDE (__noinit_end, .)
                0x0000000000800060                _end = .

.eeprom         0x0000000000810000        0x0
 *(.eeprom*)
                0x0000000000810000                __eeprom_end = .

.fuse
 *(.fuse)
 *(.lfuse)
 *(.hfuse)
 *(.efuse)

.lock
 *(.lock*)

.signature
 *(.signature*)

.user_signatures
 *(.user_signatures*)

.stab
 *(.stab)

.stabstr
 *(.stabstr)

.stab.excl
 *(.stab.excl)

.stab.exclstr
 *(.stab.exclstr)

.stab.index
 *(.stab.index)

.stab.indexstr
 *(.stab.indexstr)

.comment        0x0000000000000000       0x2f
 *(.comment)
 .comment       0x0000000000000000       0x2f HAL/KYD_Driver/KPD.o
                                         0x30 (size before relaxing)
 .comment       0x000000000000002f       0x30 HAL/LCD_Driver/LCD_program.o
 .comment       0x000000000000002f       0x30 HAL/Servo_Motor_Driver/Servo_Motor.o
 .comment       0x000000000000002f       0x30 main.o
 .comment       0x000000000000002f       0x30 MCAL/DIO_Driver/DIO_program.o
 .comment       0x000000000000002f       0x30 MCAL/INTERRUPT_Driver/INTERRUPT_program.o
 .comment       0x000000000000002f       0x30 MCAL/PWM_Driver/PWM_Program.o
 .comment       0x000000000000002f       0x30 MCAL/SPI_Driver/SPI_program.o
 .comment       0x000000000000002f       0x30 MCAL/TIMER_0_DRIVER/Timer0_Program.o
 .comment       0x000000000000002f       0x30 c:/program files/microchip/xc8/v2.36/avr/bin/../lib/gcc/avr/5.4.0/../../../../avr/lib/avr5/memx-const\libc.a(exit.o)
 .comment       0x000000000000002f       0x30 c:/program files/microchip/xc8/v2.36/avr/bin/../lib/gcc/avr/5.4.0/../../../../avr/lib/avr5/memx-const\libc.a(strcmp.o)
 .comment       0x000000000000002f       0x30 c:/program files/microchip/xc8/v2.36/avr/bin/../lib/gcc/avr/5.4.0/../../../../avr/lib/avr5/memx-const\libc.a(_Exit.o)

.stack.descriptors.hdr
                0x0000000000000000      0x118
 .stack.descriptors.hdr
                0x0000000000000000        0xe c:/program files/microchip/xc8/v2.36/avr/bin/../lib/gcc/avr/5.4.0/../../../../avr/lib/avr5/memx-const\libm.a(addsf3.o)
 .stack.descriptors.hdr
                0x000000000000000e        0xe c:/program files/microchip/xc8/v2.36/avr/bin/../lib/gcc/avr/5.4.0/../../../../avr/lib/avr5/memx-const\libm.a(addsf3x.o)
 .stack.descriptors.hdr
                0x000000000000001c        0xe c:/program files/microchip/xc8/v2.36/avr/bin/../lib/gcc/avr/5.4.0/../../../../avr/lib/avr5/memx-const\libm.a(cmpsf2.o)
 .stack.descriptors.hdr
                0x000000000000002a        0xe c:/program files/microchip/xc8/v2.36/avr/bin/../lib/gcc/avr/5.4.0/../../../../avr/lib/avr5/memx-const\libm.a(divsf3.o)
 .stack.descriptors.hdr
                0x0000000000000038        0xe c:/program files/microchip/xc8/v2.36/avr/bin/../lib/gcc/avr/5.4.0/../../../../avr/lib/avr5/memx-const\libm.a(divsf3x.o)
 .stack.descriptors.hdr
                0x0000000000000046        0xe c:/program files/microchip/xc8/v2.36/avr/bin/../lib/gcc/avr/5.4.0/../../../../avr/lib/avr5/memx-const\libm.a(fixunssfsi.o)
 .stack.descriptors.hdr
                0x0000000000000054        0xe c:/program files/microchip/xc8/v2.36/avr/bin/../lib/gcc/avr/5.4.0/../../../../avr/lib/avr5/memx-const\libm.a(floatsisf.o)
 .stack.descriptors.hdr
                0x0000000000000062        0xe c:/program files/microchip/xc8/v2.36/avr/bin/../lib/gcc/avr/5.4.0/../../../../avr/lib/avr5/memx-const\libm.a(fp_cmp.o)
 .stack.descriptors.hdr
                0x0000000000000070        0xe c:/program files/microchip/xc8/v2.36/avr/bin/../lib/gcc/avr/5.4.0/../../../../avr/lib/avr5/memx-const\libm.a(fp_inf.o)
 .stack.descriptors.hdr
                0x000000000000007e        0xe c:/program files/microchip/xc8/v2.36/avr/bin/../lib/gcc/avr/5.4.0/../../../../avr/lib/avr5/memx-const\libm.a(fp_nan.o)
 .stack.descriptors.hdr
                0x000000000000008c        0xe c:/program files/microchip/xc8/v2.36/avr/bin/../lib/gcc/avr/5.4.0/../../../../avr/lib/avr5/memx-const\libm.a(fp_pscA.o)
 .stack.descriptors.hdr
                0x000000000000009a        0xe c:/program files/microchip/xc8/v2.36/avr/bin/../lib/gcc/avr/5.4.0/../../../../avr/lib/avr5/memx-const\libm.a(fp_pscB.o)
 .stack.descriptors.hdr
                0x00000000000000a8        0xe c:/program files/microchip/xc8/v2.36/avr/bin/../lib/gcc/avr/5.4.0/../../../../avr/lib/avr5/memx-const\libm.a(fp_round.o)
 .stack.descriptors.hdr
                0x00000000000000b6        0xe c:/program files/microchip/xc8/v2.36/avr/bin/../lib/gcc/avr/5.4.0/../../../../avr/lib/avr5/memx-const\libm.a(fp_split3.o)
 .stack.descriptors.hdr
                0x00000000000000c4        0xe c:/program files/microchip/xc8/v2.36/avr/bin/../lib/gcc/avr/5.4.0/../../../../avr/lib/avr5/memx-const\libm.a(fp_zero.o)
 .stack.descriptors.hdr
                0x00000000000000d2        0xe c:/program files/microchip/xc8/v2.36/avr/bin/../lib/gcc/avr/5.4.0/../../../../avr/lib/avr5/memx-const\libm.a(mulsf3.o)
 .stack.descriptors.hdr
                0x00000000000000e0        0xe c:/program files/microchip/xc8/v2.36/avr/bin/../lib/gcc/avr/5.4.0/../../../../avr/lib/avr5/memx-const\libm.a(mulsf3x.o)
 .stack.descriptors.hdr
                0x00000000000000ee        0xe c:/program files/microchip/xc8/v2.36/avr/bin/../lib/gcc/avr/5.4.0/avr5/memx-const\libgcc.a(_udivmodsi4.o)
 .stack.descriptors.hdr
                0x00000000000000fc        0xe c:/program files/microchip/xc8/v2.36/avr/bin/../lib/gcc/avr/5.4.0/avr5/memx-const\libgcc.a(_movmemx.o)
 .stack.descriptors.hdr
                0x000000000000010a        0xe c:/program files/microchip/xc8/v2.36/avr/bin/../lib/gcc/avr/5.4.0/avr5/memx-const\libgcc.a(_exit.o)

.note.GNU-stack
                0x0000000000000000        0x0
 .note.GNU-stack
                0x0000000000000000        0x0 c:/program files/microchip/xc8/v2.36/avr/bin/../lib/gcc/avr/5.4.0/../../../../avr/lib/avr5/memx-const\libm.a(addsf3.o)
 .note.GNU-stack
                0x0000000000000000        0x0 c:/program files/microchip/xc8/v2.36/avr/bin/../lib/gcc/avr/5.4.0/../../../../avr/lib/avr5/memx-const\libm.a(addsf3x.o)
 .note.GNU-stack
                0x0000000000000000        0x0 c:/program files/microchip/xc8/v2.36/avr/bin/../lib/gcc/avr/5.4.0/../../../../avr/lib/avr5/memx-const\libm.a(cmpsf2.o)
 .note.GNU-stack
                0x0000000000000000        0x0 c:/program files/microchip/xc8/v2.36/avr/bin/../lib/gcc/avr/5.4.0/../../../../avr/lib/avr5/memx-const\libm.a(divsf3.o)
 .note.GNU-stack
                0x0000000000000000        0x0 c:/program files/microchip/xc8/v2.36/avr/bin/../lib/gcc/avr/5.4.0/../../../../avr/lib/avr5/memx-const\libm.a(divsf3x.o)
 .note.GNU-stack
                0x0000000000000000        0x0 c:/program files/microchip/xc8/v2.36/avr/bin/../lib/gcc/avr/5.4.0/../../../../avr/lib/avr5/memx-const\libm.a(fixunssfsi.o)
 .note.GNU-stack
                0x0000000000000000        0x0 c:/program files/microchip/xc8/v2.36/avr/bin/../lib/gcc/avr/5.4.0/../../../../avr/lib/avr5/memx-const\libm.a(floatsisf.o)
 .note.GNU-stack
                0x0000000000000000        0x0 c:/program files/microchip/xc8/v2.36/avr/bin/../lib/gcc/avr/5.4.0/../../../../avr/lib/avr5/memx-const\libm.a(fp_cmp.o)
 .note.GNU-stack
                0x0000000000000000        0x0 c:/program files/microchip/xc8/v2.36/avr/bin/../lib/gcc/avr/5.4.0/../../../../avr/lib/avr5/memx-const\libm.a(fp_inf.o)
 .note.GNU-stack
                0x0000000000000000        0x0 c:/program files/microchip/xc8/v2.36/avr/bin/../lib/gcc/avr/5.4.0/../../../../avr/lib/avr5/memx-const\libm.a(fp_nan.o)
 .note.GNU-stack
                0x0000000000000000        0x0 c:/program files/microchip/xc8/v2.36/avr/bin/../lib/gcc/avr/5.4.0/../../../../avr/lib/avr5/memx-const\libm.a(fp_pscA.o)
 .note.GNU-stack
                0x0000000000000000        0x0 c:/program files/microchip/xc8/v2.36/avr/bin/../lib/gcc/avr/5.4.0/../../../../avr/lib/avr5/memx-const\libm.a(fp_pscB.o)
 .note.GNU-stack
                0x0000000000000000        0x0 c:/program files/microchip/xc8/v2.36/avr/bin/../lib/gcc/avr/5.4.0/../../../../avr/lib/avr5/memx-const\libm.a(fp_round.o)
 .note.GNU-stack
                0x0000000000000000        0x0 c:/program files/microchip/xc8/v2.36/avr/bin/../lib/gcc/avr/5.4.0/../../../../avr/lib/avr5/memx-const\libm.a(fp_split3.o)
 .note.GNU-stack
                0x0000000000000000        0x0 c:/program files/microchip/xc8/v2.36/avr/bin/../lib/gcc/avr/5.4.0/../../../../avr/lib/avr5/memx-const\libm.a(fp_zero.o)
 .note.GNU-stack
                0x0000000000000000        0x0 c:/program files/microchip/xc8/v2.36/avr/bin/../lib/gcc/avr/5.4.0/../../../../avr/lib/avr5/memx-const\libm.a(mulsf3.o)
 .note.GNU-stack
                0x0000000000000000        0x0 c:/program files/microchip/xc8/v2.36/avr/bin/../lib/gcc/avr/5.4.0/../../../../avr/lib/avr5/memx-const\libm.a(mulsf3x.o)
 .note.GNU-stack
                0x0000000000000000        0x0 c:/program files/microchip/xc8/v2.36/avr/bin/../lib/gcc/avr/5.4.0/../../../../avr/lib/avr5/memx-const\libc.a(exit.o)
 .note.GNU-stack
                0x0000000000000000        0x0 c:/program files/microchip/xc8/v2.36/avr/bin/../lib/gcc/avr/5.4.0/../../../../avr/lib/avr5/memx-const\libc.a(strcmp.o)
 .note.GNU-stack
                0x0000000000000000        0x0 c:/program files/microchip/xc8/v2.36/avr/bin/../lib/gcc/avr/5.4.0/../../../../avr/lib/avr5/memx-const\libc.a(_Exit.o)

.note.gnu.build-id
 *(.note.gnu.build-id)

.debug
 *(.debug)

.line
 *(.line)

.debug_srcinfo
 *(.debug_srcinfo)

.debug_sfnames
 *(.debug_sfnames)

.debug_aranges  0x0000000000000000      0x270
 *(.debug_aranges)
 .debug_aranges
                0x0000000000000000       0x20 HAL/KYD_Driver/KPD.o
 .debug_aranges
                0x0000000000000020       0x58 HAL/LCD_Driver/LCD_program.o
 .debug_aranges
                0x0000000000000078       0x30 HAL/Servo_Motor_Driver/Servo_Motor.o
 .debug_aranges
                0x00000000000000a8       0x20 main.o
 .debug_aranges
                0x00000000000000c8       0x70 MCAL/DIO_Driver/DIO_program.o
 .debug_aranges
                0x0000000000000138       0x58 MCAL/INTERRUPT_Driver/INTERRUPT_program.o
 .debug_aranges
                0x0000000000000190       0x48 MCAL/PWM_Driver/PWM_Program.o
 .debug_aranges
                0x00000000000001d8       0x50 MCAL/SPI_Driver/SPI_program.o
 .debug_aranges
                0x0000000000000228       0x48 MCAL/TIMER_0_DRIVER/Timer0_Program.o

.debug_pubnames
 *(.debug_pubnames)

.debug_info     0x0000000000000000     0x3926
 *(.debug_info .gnu.linkonce.wi.*)
 .debug_info    0x0000000000000000      0x4e6 C:/Program Files (x86)/Atmel/Studio/7.0/Packs/atmel/ATmega_DFP/1.7.374/xc8/avr/lib/avr5/memx-const/crtatmega32.o
 .debug_info    0x00000000000004e6      0x529 HAL/KYD_Driver/KPD.o
 .debug_info    0x0000000000000a0f      0xb4c HAL/LCD_Driver/LCD_program.o
 .debug_info    0x000000000000155b      0x3ce HAL/Servo_Motor_Driver/Servo_Motor.o
 .debug_info    0x0000000000001929      0x805 main.o
 .debug_info    0x000000000000212e      0x617 MCAL/DIO_Driver/DIO_program.o
 .debug_info    0x0000000000002745      0x532 MCAL/INTERRUPT_Driver/INTERRUPT_program.o
 .debug_info    0x0000000000002c77      0x403 MCAL/PWM_Driver/PWM_Program.o
 .debug_info    0x000000000000307a      0x40f MCAL/SPI_Driver/SPI_program.o
 .debug_info    0x0000000000003489      0x49d MCAL/TIMER_0_DRIVER/Timer0_Program.o

.debug_abbrev   0x0000000000000000      0xd52
 *(.debug_abbrev)
 .debug_abbrev  0x0000000000000000      0x4a3 C:/Program Files (x86)/Atmel/Studio/7.0/Packs/atmel/ATmega_DFP/1.7.374/xc8/avr/lib/avr5/memx-const/crtatmega32.o
 .debug_abbrev  0x00000000000004a3      0x130 HAL/KYD_Driver/KPD.o
 .debug_abbrev  0x00000000000005d3      0x198 HAL/LCD_Driver/LCD_program.o
 .debug_abbrev  0x000000000000076b       0xc1 HAL/Servo_Motor_Driver/Servo_Motor.o
 .debug_abbrev  0x000000000000082c      0x159 main.o
 .debug_abbrev  0x0000000000000985       0xf5 MCAL/DIO_Driver/DIO_program.o
 .debug_abbrev  0x0000000000000a7a       0xc4 MCAL/INTERRUPT_Driver/INTERRUPT_program.o
 .debug_abbrev  0x0000000000000b3e       0x87 MCAL/PWM_Driver/PWM_Program.o
 .debug_abbrev  0x0000000000000bc5       0xcf MCAL/SPI_Driver/SPI_program.o
 .debug_abbrev  0x0000000000000c94       0xbe MCAL/TIMER_0_DRIVER/Timer0_Program.o

.debug_line     0x0000000000000000     0x1588
 *(.debug_line .debug_line.* .debug_line_end)
 .debug_line    0x0000000000000000      0x119 C:/Program Files (x86)/Atmel/Studio/7.0/Packs/atmel/ATmega_DFP/1.7.374/xc8/avr/lib/avr5/memx-const/crtatmega32.o
 .debug_line    0x0000000000000119      0x1c9 HAL/KYD_Driver/KPD.o
 .debug_line    0x00000000000002e2      0x36b HAL/LCD_Driver/LCD_program.o
 .debug_line    0x000000000000064d       0xfa HAL/Servo_Motor_Driver/Servo_Motor.o
 .debug_line    0x0000000000000747      0x333 main.o
 .debug_line    0x0000000000000a7a      0x484 MCAL/DIO_Driver/DIO_program.o
 .debug_line    0x0000000000000efe      0x24c MCAL/INTERRUPT_Driver/INTERRUPT_program.o
 .debug_line    0x000000000000114a      0x164 MCAL/PWM_Driver/PWM_Program.o
 .debug_line    0x00000000000012ae      0x174 MCAL/SPI_Driver/SPI_program.o
 .debug_line    0x0000000000001422      0x166 MCAL/TIMER_0_DRIVER/Timer0_Program.o

.debug_frame    0x0000000000000000      0x638
 *(.debug_frame)
 .debug_frame   0x0000000000000000       0x5c HAL/KYD_Driver/KPD.o
 .debug_frame   0x000000000000005c       0xc8 HAL/LCD_Driver/LCD_program.o
 .debug_frame   0x0000000000000124       0x44 HAL/Servo_Motor_Driver/Servo_Motor.o
 .debug_frame   0x0000000000000168       0x34 main.o
 .debug_frame   0x000000000000019c       0xc4 MCAL/DIO_Driver/DIO_program.o
 .debug_frame   0x0000000000000260      0x16c MCAL/INTERRUPT_Driver/INTERRUPT_program.o
 .debug_frame   0x00000000000003cc       0x9c MCAL/PWM_Driver/PWM_Program.o
 .debug_frame   0x0000000000000468       0xcc MCAL/SPI_Driver/SPI_program.o
 .debug_frame   0x0000000000000534      0x104 MCAL/TIMER_0_DRIVER/Timer0_Program.o

.debug_str      0x0000000000000000      0x37e
 *(.debug_str)
 .debug_str     0x0000000000000000      0x196 C:/Program Files (x86)/Atmel/Studio/7.0/Packs/atmel/ATmega_DFP/1.7.374/xc8/avr/lib/avr5/memx-const/crtatmega32.o
 .debug_str     0x0000000000000196       0x28 HAL/KYD_Driver/KPD.o
 .debug_str     0x00000000000001be       0x52 HAL/LCD_Driver/LCD_program.o
 .debug_str     0x0000000000000210       0x67 HAL/Servo_Motor_Driver/Servo_Motor.o
 .debug_str     0x0000000000000277       0xc4 main.o
 .debug_str     0x000000000000033b       0x1b MCAL/DIO_Driver/DIO_program.o
 .debug_str     0x0000000000000356       0x28 MCAL/INTERRUPT_Driver/INTERRUPT_program.o
 .debug_str     0x000000000000037e        0x0 MCAL/PWM_Driver/PWM_Program.o
 .debug_str     0x000000000000037e        0x0 MCAL/SPI_Driver/SPI_program.o
 .debug_str     0x000000000000037e        0x0 MCAL/TIMER_0_DRIVER/Timer0_Program.o

.debug_loc      0x0000000000000000     0x1635
 *(.debug_loc)
 .debug_loc     0x0000000000000000      0x181 HAL/KYD_Driver/KPD.o
 .debug_loc     0x0000000000000181      0x4e8 HAL/LCD_Driver/LCD_program.o
 .debug_loc     0x0000000000000669       0x4a HAL/Servo_Motor_Driver/Servo_Motor.o
 .debug_loc     0x00000000000006b3      0x2cd main.o
 .debug_loc     0x0000000000000980      0x516 MCAL/DIO_Driver/DIO_program.o
 .debug_loc     0x0000000000000e96      0x3b6 MCAL/INTERRUPT_Driver/INTERRUPT_program.o
 .debug_loc     0x000000000000124c      0x125 MCAL/PWM_Driver/PWM_Program.o
 .debug_loc     0x0000000000001371       0xf8 MCAL/SPI_Driver/SPI_program.o
 .debug_loc     0x0000000000001469      0x1cc MCAL/TIMER_0_DRIVER/Timer0_Program.o

.debug_macinfo
 *(.debug_macinfo)

.debug_weaknames
 *(.debug_weaknames)

.debug_funcnames
 *(.debug_funcnames)

.debug_typenames
 *(.debug_typenames)

.debug_varnames
 *(.debug_varnames)

.debug_pubtypes
 *(.debug_pubtypes)

.debug_ranges   0x0000000000000000      0x1f8
 *(.debug_ranges)
 .debug_ranges  0x0000000000000000       0x10 HAL/KYD_Driver/KPD.o
 .debug_ranges  0x0000000000000010       0x48 HAL/LCD_Driver/LCD_program.o
 .debug_ranges  0x0000000000000058       0x20 HAL/Servo_Motor_Driver/Servo_Motor.o
 .debug_ranges  0x0000000000000078       0x28 main.o
 .debug_ranges  0x00000000000000a0       0x60 MCAL/DIO_Driver/DIO_program.o
 .debug_ranges  0x0000000000000100       0x48 MCAL/INTERRUPT_Driver/INTERRUPT_program.o
 .debug_ranges  0x0000000000000148       0x38 MCAL/PWM_Driver/PWM_Program.o
 .debug_ranges  0x0000000000000180       0x40 MCAL/SPI_Driver/SPI_program.o
 .debug_ranges  0x00000000000001c0       0x38 MCAL/TIMER_0_DRIVER/Timer0_Program.o

.debug_macro
 *(.debug_macro)
OUTPUT(DIO_DRIVER.elf elf32-avr)
LOAD linker stubs
LOAD data_init

.note.gnu.avr.deviceinfo
                0x0000000000000000       0x3c
 .note.gnu.avr.deviceinfo
                0x0000000000000000       0x3c C:/Program Files (x86)/Atmel/Studio/7.0/Packs/atmel/ATmega_DFP/1.7.374/xc8/avr/lib/avr5/memx-const/crtatmega32.o

.bss.PRV2_pFunction
                0x0000000000800078        0x2
 .bss.PRV2_pFunction
                0x0000000000800078        0x2 MCAL/INTERRUPT_Driver/INTERRUPT_program.o

.bss.PRV1_pFunction
                0x000000000080007a        0x2
 .bss.PRV1_pFunction
                0x000000000080007a        0x2 MCAL/INTERRUPT_Driver/INTERRUPT_program.o

.bss.PRV0_pFunction
                0x000000000080007c        0x2
 .bss.PRV0_pFunction
                0x000000000080007c        0x2 MCAL/INTERRUPT_Driver/INTERRUPT_program.o

.bss.CallBack   0x000000000080007e        0x2
 .bss.CallBack  0x000000000080007e        0x2 MCAL/SPI_Driver/SPI_program.o

.bss.Local_u32OVF_Counter.1620
                0x0000000000800070        0x4
 .bss.Local_u32OVF_Counter.1620
                0x0000000000800070        0x4 MCAL/TIMER_0_DRIVER/Timer0_Program.o

.bss.Local_u32CTC_Counter.1614
                0x0000000000800074        0x4
 .bss.Local_u32CTC_Counter.1614
                0x0000000000800074        0x4 MCAL/TIMER_0_DRIVER/Timer0_Program.o

.bss.PRV_CTC_Counter
                0x0000000000800080        0x2
 .bss.PRV_CTC_Counter
                0x0000000000800080        0x2 MCAL/TIMER_0_DRIVER/Timer0_Program.o

.bss.GTimer0_voidCallBack2
                0x0000000000800082        0x2
 .bss.GTimer0_voidCallBack2
                0x0000000000800082        0x2 MCAL/TIMER_0_DRIVER/Timer0_Program.o

.bss.GTimer0_voidCallBack1
                0x0000000000800084        0x2
 .bss.GTimer0_voidCallBack1
                0x0000000000800084        0x2 MCAL/TIMER_0_DRIVER/Timer0_Program.o

.progmemx.data  0x00000000000000b4       0x35
 .progmemx.data
                0x00000000000000b4       0x35 main.o

.text.main      0x00000000000000ea      0x1d6
 .text.main     0x00000000000000ea      0x1d6 main.o
                0x00000000000000ea                main

.text.KPD_u8GetPressedKey
                0x00000000000002c0      0x140
 .text.KPD_u8GetPressedKey
                0x00000000000002c0      0x140 HAL/KYD_Driver/KPD.o
                0x00000000000002c0                KPD_u8GetPressedKey

.text.DIO_voidSetPinDirection
                0x0000000000000400      0x100
 .text.DIO_voidSetPinDirection
                0x0000000000000400      0x100 MCAL/DIO_Driver/DIO_program.o
                0x0000000000000400                DIO_voidSetPinDirection

.text.DIO_voidSetPinValue
                0x0000000000000500      0x100
 .text.DIO_voidSetPinValue
                0x0000000000000500      0x100 MCAL/DIO_Driver/DIO_program.o
                0x0000000000000500                DIO_voidSetPinValue

.text           0x0000000000000600       0xde
 .text          0x0000000000000600       0xde c:/program files/microchip/xc8/v2.36/avr/bin/../lib/gcc/avr/5.4.0/../../../../avr/lib/avr5/memx-const\libm.a(divsf3x.o)
                0x0000000000000600                __divsf3x
                0x0000000000000628                __divsf3_pse

.text           0x00000000000006de       0xd4
 .text          0x00000000000006de       0xd4 c:/program files/microchip/xc8/v2.36/avr/bin/../lib/gcc/avr/5.4.0/../../../../avr/lib/avr5/memx-const\libm.a(mulsf3x.o)
                0x00000000000006de                __mulsf3x
                0x0000000000000704                __mulsf3_pse

.text           0x00000000000007b2       0xce
 .text          0x00000000000007b2       0xce c:/program files/microchip/xc8/v2.36/avr/bin/../lib/gcc/avr/5.4.0/../../../../avr/lib/avr5/memx-const\libm.a(addsf3x.o)
                0x00000000000007b2                __addsf3x

.text.__vector_10
                0x0000000000000880       0xae
 .text.__vector_10
                0x0000000000000880       0xae MCAL/TIMER_0_DRIVER/Timer0_Program.o
                0x0000000000000880                __vector_10

.text.__vector_11
                0x000000000000092e       0xa6
 .text.__vector_11
                0x000000000000092e       0xa6 MCAL/TIMER_0_DRIVER/Timer0_Program.o
                0x000000000000092e                __vector_11

.text.LCD_WRITE_COMMAND
                0x00000000000009d4       0xa2
 .text.LCD_WRITE_COMMAND
                0x00000000000009d4       0xa2 HAL/LCD_Driver/LCD_program.o
                0x00000000000009d4                LCD_WRITE_COMMAND

.text.LCD_WRITE_CHAR
                0x0000000000000a76       0xa2
 .text.LCD_WRITE_CHAR
                0x0000000000000a76       0xa2 HAL/LCD_Driver/LCD_program.o
                0x0000000000000a76                LCD_WRITE_CHAR

.text.PWM_voidGenerateChannel_1A
                0x0000000000000b18       0xa0
 .text.PWM_voidGenerateChannel_1A
                0x0000000000000b18       0xa0 MCAL/PWM_Driver/PWM_Program.o
                0x0000000000000b18                PWM_voidGenerateChannel_1A

.text.LCD_INIT  0x0000000000000bb8       0x90
 .text.LCD_INIT
                0x0000000000000bb8       0x90 HAL/LCD_Driver/LCD_program.o
                0x0000000000000bb8                LCD_INIT

.text           0x0000000000000c48       0x7a
 .text          0x0000000000000c48       0x7a c:/program files/microchip/xc8/v2.36/avr/bin/../lib/gcc/avr/5.4.0/../../../../avr/lib/avr5/memx-const\libm.a(floatsisf.o)
                0x0000000000000c48                __floatunsisf
                0x0000000000000c4c                __floatsisf

.text.DIO_voidTogglePinValue
                0x0000000000000cc2       0x6c
 .text.DIO_voidTogglePinValue
                0x0000000000000cc2       0x6c MCAL/DIO_Driver/DIO_program.o
                0x0000000000000cc2                DIO_voidTogglePinValue

.text.DIO_voidGetPinValue
                0x0000000000000d2e       0x68
 .text.DIO_voidGetPinValue
                0x0000000000000d2e       0x68 MCAL/DIO_Driver/DIO_program.o
                0x0000000000000d2e                DIO_voidGetPinValue

.text           0x0000000000000d96       0x5e
 .text          0x0000000000000d96       0x5e c:/program files/microchip/xc8/v2.36/avr/bin/../lib/gcc/avr/5.4.0/../../../../avr/lib/avr5/memx-const\libm.a(fixunssfsi.o)
                0x0000000000000d96                __fixunssfsi

.text.__vector_1
                0x0000000000000df4       0x52
 .text.__vector_1
                0x0000000000000df4       0x52 MCAL/INTERRUPT_Driver/INTERRUPT_program.o
                0x0000000000000df4                __vector_1

.text.__vector_2
                0x0000000000000e46       0x52
 .text.__vector_2
                0x0000000000000e46       0x52 MCAL/INTERRUPT_Driver/INTERRUPT_program.o
                0x0000000000000e46                __vector_2

.text.__vector_3
                0x0000000000000e98       0x52
 .text.__vector_3
                0x0000000000000e98       0x52 MCAL/INTERRUPT_Driver/INTERRUPT_program.o
                0x0000000000000e98                __vector_3

.text.__vector_12
                0x0000000000000eea       0x52
 .text.__vector_12
                0x0000000000000eea       0x52 MCAL/SPI_Driver/SPI_program.o
                0x0000000000000eea                __vector_12

.text           0x0000000000000f3c       0x48
 .text          0x0000000000000f3c       0x48 c:/program files/microchip/xc8/v2.36/avr/bin/../lib/gcc/avr/5.4.0/../../../../avr/lib/avr5/memx-const\libm.a(fp_cmp.o)
                0x0000000000000f3c                __fp_cmp

.text.Servo_Motor_voidON
                0x0000000000000f84       0x46
 .text.Servo_Motor_voidON
                0x0000000000000f84       0x46 HAL/Servo_Motor_Driver/Servo_Motor.o
                0x0000000000000f84                Servo_Motor_voidON

.text           0x0000000000000fca       0x44
 .text          0x0000000000000fca       0x44 c:/program files/microchip/xc8/v2.36/avr/bin/../lib/gcc/avr/5.4.0/../../../../avr/lib/avr5/memx-const\libm.a(fp_split3.o)
                0x0000000000000fca                __fp_split3
                0x0000000000000fda                __fp_splitA

.text.libgcc.div
                0x000000000000100e       0x44
 .text.libgcc.div
                0x000000000000100e       0x44 c:/program files/microchip/xc8/v2.36/avr/bin/../lib/gcc/avr/5.4.0/avr5/memx-const\libgcc.a(_udivmodsi4.o)
                0x000000000000100e                __udivmodsi4

.text.strcmp    0x0000000000001052       0x42
 .text.strcmp   0x0000000000001052       0x42 c:/program files/microchip/xc8/v2.36/avr/bin/../lib/gcc/avr/5.4.0/../../../../avr/lib/avr5/memx-const\libc.a(strcmp.o)
                0x0000000000001052                strcmp

.text.PWM_voidInitializeChannel_1A
                0x0000000000001094       0x26
 .text.PWM_voidInitializeChannel_1A
                0x0000000000001094       0x26 MCAL/PWM_Driver/PWM_Program.o
                0x0000000000001094                PWM_voidInitializeChannel_1A

.text.LCD_GOTOXY
                0x00000000000010ba       0x24
 .text.LCD_GOTOXY
                0x00000000000010ba       0x24 HAL/LCD_Driver/LCD_program.o
                0x00000000000010ba                LCD_GOTOXY

.text           0x00000000000010de       0x22
 .text          0x00000000000010de       0x22 c:/program files/microchip/xc8/v2.36/avr/bin/../lib/gcc/avr/5.4.0/../../../../avr/lib/avr5/memx-const\libm.a(fp_round.o)
                0x00000000000010de                __fp_round

.text.LCD_lcd_kick
                0x0000000000001100       0x1e
 .text.LCD_lcd_kick
                0x0000000000001100       0x1e HAL/LCD_Driver/LCD_program.o
                0x0000000000001100                LCD_lcd_kick

.text.DIO_voidInit
                0x000000000000111e       0x1c
 .text.DIO_voidInit
                0x000000000000111e       0x1c MCAL/DIO_Driver/DIO_program.o
                0x000000000000111e                DIO_voidInit

.text.LCD_voidSendString
                0x000000000000113a       0x1a
 .text.LCD_voidSendString
                0x000000000000113a       0x1a HAL/LCD_Driver/LCD_program.o
                0x000000000000113a                LCD_voidSendString

.text.libgcc    0x0000000000001154       0x1a
 .text.libgcc   0x0000000000001154       0x1a c:/program files/microchip/xc8/v2.36/avr/bin/../lib/gcc/avr/5.4.0/avr5/memx-const\libgcc.a(_movmemx.o)
                0x0000000000001154                __movmemx_qi
                0x0000000000001156                __movmemx_hi

.text.exit      0x000000000000116e       0x16
 .text.exit     0x000000000000116e       0x16 c:/program files/microchip/xc8/v2.36/avr/bin/../lib/gcc/avr/5.4.0/../../../../avr/lib/avr5/memx-const\libc.a(exit.o)
                0x000000000000116e                exit

.text.PWM_voidStopChannel_1A
                0x0000000000001184       0x14
 .text.PWM_voidStopChannel_1A
                0x0000000000001184       0x14 MCAL/PWM_Driver/PWM_Program.o
                0x0000000000001184                PWM_voidStopChannel_1A

.text.Servo_Motor_voidIntialization
                0x0000000000001198       0x10
 .text.Servo_Motor_voidIntialization
                0x0000000000001198       0x10 HAL/Servo_Motor_Driver/Servo_Motor.o
                0x0000000000001198                Servo_Motor_voidIntialization

.text           0x00000000000011a8        0xe
 .text          0x00000000000011a8        0xe c:/program files/microchip/xc8/v2.36/avr/bin/../lib/gcc/avr/5.4.0/../../../../avr/lib/avr5/memx-const\libm.a(addsf3.o)
                0x00000000000011a8                __subsf3
                0x00000000000011aa                __addsf3

.text           0x00000000000011b6        0xe
 .text          0x00000000000011b6        0xe c:/program files/microchip/xc8/v2.36/avr/bin/../lib/gcc/avr/5.4.0/../../../../avr/lib/avr5/memx-const\libm.a(fp_pscA.o)
                0x00000000000011b6                __fp_pscA

.text           0x00000000000011c4        0xe
 .text          0x00000000000011c4        0xe c:/program files/microchip/xc8/v2.36/avr/bin/../lib/gcc/avr/5.4.0/../../../../avr/lib/avr5/memx-const\libm.a(fp_pscB.o)
                0x00000000000011c4                __fp_pscB

.text           0x00000000000011d2        0xe
 .text          0x00000000000011d2        0xe c:/program files/microchip/xc8/v2.36/avr/bin/../lib/gcc/avr/5.4.0/../../../../avr/lib/avr5/memx-const\libm.a(fp_zero.o)
                0x00000000000011d2                __fp_zero
                0x00000000000011d4                __fp_szero

.text           0x00000000000011e0        0xc
 .text          0x00000000000011e0        0xc c:/program files/microchip/xc8/v2.36/avr/bin/../lib/gcc/avr/5.4.0/../../../../avr/lib/avr5/memx-const\libm.a(fp_inf.o)
                0x00000000000011e0                __fp_inf

.text           0x00000000000011ec        0xa
 .text          0x00000000000011ec        0xa c:/program files/microchip/xc8/v2.36/avr/bin/../lib/gcc/avr/5.4.0/../../../../avr/lib/avr5/memx-const\libm.a(cmpsf2.o)
                0x00000000000011ec                __nesf2
                0x00000000000011ec                __eqsf2
                0x00000000000011ec                __cmpsf2
                0x00000000000011ec                __ltsf2
                0x00000000000011ec                __lesf2

.text.LCD_CLEAR_SCREEN
                0x00000000000011f6        0x8
 .text.LCD_CLEAR_SCREEN
                0x00000000000011f6        0x8 HAL/LCD_Driver/LCD_program.o
                0x00000000000011f6                LCD_CLEAR_SCREEN

.text           0x00000000000011fe        0x8
 .text          0x00000000000011fe        0x8 c:/program files/microchip/xc8/v2.36/avr/bin/../lib/gcc/avr/5.4.0/../../../../avr/lib/avr5/memx-const\libm.a(divsf3.o)
                0x00000000000011fe                __divsf3

.text           0x0000000000001206        0x8
 .text          0x0000000000001206        0x8 c:/program files/microchip/xc8/v2.36/avr/bin/../lib/gcc/avr/5.4.0/../../../../avr/lib/avr5/memx-const\libm.a(mulsf3.o)
                0x0000000000001206                __mulsf3

.text.Servo_Motor_voidOFF
                0x000000000000120e        0x6
 .text.Servo_Motor_voidOFF
                0x000000000000120e        0x6 HAL/Servo_Motor_Driver/Servo_Motor.o
                0x000000000000120e                Servo_Motor_voidOFF

.text           0x0000000000001214        0x6
 .text          0x0000000000001214        0x6 c:/program files/microchip/xc8/v2.36/avr/bin/../lib/gcc/avr/5.4.0/../../../../avr/lib/avr5/memx-const\libm.a(fp_nan.o)
                0x0000000000001214                __fp_nan

.text           0x000000000000121a        0x4
 .text          0x000000000000121a        0x4 C:/Program Files (x86)/Atmel/Studio/7.0/Packs/atmel/ATmega_DFP/1.7.374/xc8/avr/lib/avr5/memx-const/crtatmega32.o
                0x000000000000121a                __bad_interrupt
                0x000000000000121a                __vector_6
                0x000000000000121a                __vector_13
                0x000000000000121a                __vector_17
                0x000000000000121a                __vector_19
                0x000000000000121a                __vector_7
                0x000000000000121a                __vector_5
                0x000000000000121a                __vector_4
                0x000000000000121a                __vector_9
                0x000000000000121a                __vector_15
                0x000000000000121a                __vector_8
                0x000000000000121a                __vector_14
                0x000000000000121a                __vector_16
                0x000000000000121a                __vector_18
                0x000000000000121a                __vector_20

.text._Exit     0x000000000000121e        0x4
 .text._Exit    0x000000000000121e        0x4 c:/program files/microchip/xc8/v2.36/avr/bin/../lib/gcc/avr/5.4.0/../../../../avr/lib/avr5/memx-const\libc.a(_Exit.o)
                0x000000000000121e                _Exit

.text.__dummy_fini
                0x0000000000001222        0x2
 .text.__dummy_fini
                0x0000000000001222        0x2 c:/program files/microchip/xc8/v2.36/avr/bin/../lib/gcc/avr/5.4.0/../../../../avr/lib/avr5/memx-const\libc.a(exit.o)
                0x0000000000001222                _fini

.text.__dummy_funcs_on_exit
                0x0000000000001224        0x2
 .text.__dummy_funcs_on_exit
                0x0000000000001224        0x2 c:/program files/microchip/xc8/v2.36/avr/bin/../lib/gcc/avr/5.4.0/../../../../avr/lib/avr5/memx-const\libc.a(exit.o)
                0x0000000000001224                __funcs_on_exit

.text.__dummy_simulator_exit
                0x0000000000001226        0x2
 .text.__dummy_simulator_exit
                0x0000000000001226        0x2 c:/program files/microchip/xc8/v2.36/avr/bin/../lib/gcc/avr/5.4.0/../../../../avr/lib/avr5/memx-const\libc.a(exit.o)
                0x0000000000001226                __simulator_exit

.rodata         0x0000000000800060       0x10 load address 0x0000000000001228
 .rodata        0x0000000000800060       0x10 HAL/KYD_Driver/KPD.o
